Component: ARM Compiler 5.06 update 6 (build 750) Tool: armlink [4d35ed]

==============================================================================

Section Cross References

    main.o(i.IWDG_Config) refers to stm32f10x_iwdg.o(i.IWDG_WriteAccessCmd) for IWDG_WriteAccessCmd
    main.o(i.IWDG_Config) refers to stm32f10x_iwdg.o(i.IWDG_SetPrescaler) for IWDG_SetPrescaler
    main.o(i.IWDG_Config) refers to stm32f10x_iwdg.o(i.IWDG_SetReload) for IWDG_SetReload
    main.o(i.IWDG_Config) refers to stm32f10x_iwdg.o(i.IWDG_ReloadCounter) for IWDG_ReloadCounter
    main.o(i.IWDG_Config) refers to stm32f10x_iwdg.o(i.IWDG_Enable) for IWDG_Enable
    main.o(i.TIM2_IRQHandler) refers to stm32f10x_tim.o(i.TIM_GetITStatus) for TIM_GetITStatus
    main.o(i.TIM2_IRQHandler) refers to stm32f10x_tim.o(i.TIM_ClearITPendingBit) for TIM_ClearITPendingBit
    main.o(i.TIM2_IRQHandler) refers to adc.o(i.GetChVoltage) for GetChVoltage
    main.o(i.TIM2_IRQHandler) refers to ffixu.o(x$fpl$ffixu) for __aeabi_f2uiz
    main.o(i.TIM2_IRQHandler) refers to can_driver.o(i.CanSendToFifo) for CanSendToFifo
    main.o(i.TIM2_IRQHandler) refers to fflt_clz.o(x$fpl$fflt) for __aeabi_i2f
    main.o(i.TIM2_IRQHandler) refers to faddsub_clz.o(x$fpl$fadd) for __aeabi_fadd
    main.o(i.TIM2_IRQHandler) refers to led.o(i.GPIO_ToggleBits) for GPIO_ToggleBits
    main.o(i.TIM2_IRQHandler) refers to main.o(.bss) for send_pframe
    main.o(i.TIM2_IRQHandler) refers to main.o(.data) for temp_value2
    main.o(i.main) refers to common.o(i.delay_init) for delay_init
    main.o(i.main) refers to led.o(i.GPIO_led_Configuration) for GPIO_led_Configuration
    main.o(i.main) refers to misc.o(i.NVIC_PriorityGroupConfig) for NVIC_PriorityGroupConfig
    main.o(i.main) refers to version.o(i.SaveVersionMessage) for SaveVersionMessage
    main.o(i.main) refers to eeprom.o(i.EE_ReadVariable) for EE_ReadVariable
    main.o(i.main) refers to can.o(i.CAN_init) for CAN_init
    main.o(i.main) refers to adc.o(i.ADC1_Init) for ADC1_Init
    main.o(i.main) refers to timer.o(i.Timer2_Init) for Timer2_Init
    main.o(i.main) refers to main.o(i.IWDG_Config) for IWDG_Config
    main.o(i.main) refers to stm32f10x_iwdg.o(i.IWDG_ReloadCounter) for IWDG_ReloadCounter
    main.o(i.main) refers to can_driver.o(i.CanSend) for CanSend
    main.o(i.main) refers to can_driver.o(i.CanReceive) for CanReceive
    main.o(i.main) refers to main.o(.data) for Allegro_Linearity
    main.o(i.main) refers to version.o(.data) for Allegro_Linearity_VirtualAdd
    main.o(i.main) refers to main.o(.bss) for rec_pframe
    timer.o(i.Timer2_Init) refers to stm32f10x_rcc.o(i.RCC_APB1PeriphClockCmd) for RCC_APB1PeriphClockCmd
    timer.o(i.Timer2_Init) refers to misc.o(i.NVIC_Init) for NVIC_Init
    timer.o(i.Timer2_Init) refers to stm32f10x_tim.o(i.TIM_DeInit) for TIM_DeInit
    timer.o(i.Timer2_Init) refers to stm32f10x_tim.o(i.TIM_TimeBaseInit) for TIM_TimeBaseInit
    timer.o(i.Timer2_Init) refers to stm32f10x_tim.o(i.TIM_Cmd) for TIM_Cmd
    timer.o(i.Timer2_Init) refers to stm32f10x_tim.o(i.TIM_ITConfig) for TIM_ITConfig
    timer.o(i.Timer3_Init) refers to stm32f10x_rcc.o(i.RCC_APB1PeriphClockCmd) for RCC_APB1PeriphClockCmd
    timer.o(i.Timer3_Init) refers to misc.o(i.NVIC_Init) for NVIC_Init
    timer.o(i.Timer3_Init) refers to stm32f10x_tim.o(i.TIM_DeInit) for TIM_DeInit
    timer.o(i.Timer3_Init) refers to stm32f10x_tim.o(i.TIM_TimeBaseInit) for TIM_TimeBaseInit
    timer.o(i.Timer3_Init) refers to stm32f10x_tim.o(i.TIM_Cmd) for TIM_Cmd
    timer.o(i.Timer3_Init) refers to stm32f10x_tim.o(i.TIM_ITConfig) for TIM_ITConfig
    common.o(i.Serial_PutString) refers to stm32f10x_usart.o(i.USART_SendData) for USART_SendData
    common.o(i.Serial_PutString) refers to stm32f10x_usart.o(i.USART_GetFlagStatus) for USART_GetFlagStatus
    common.o(i.USART_SendChar) refers to stm32f10x_usart.o(i.USART_SendData) for USART_SendData
    common.o(i.USART_SendChar) refers to stm32f10x_usart.o(i.USART_GetFlagStatus) for USART_GetFlagStatus
    common.o(i.delay_init) refers to common.o(.data) for fac_us
    common.o(i.delay_ms) refers to common.o(.data) for fac_ms
    common.o(i.delay_us) refers to common.o(.data) for fac_us
    usx_process.o(i.SerialCom1Init) refers to usart1.o(i.USART1_Init) for USART1_Init
    usx_process.o(i.SerialCom1Init) refers to usx_process.o(i.US_RxBufferInit) for US_RxBufferInit
    usx_process.o(i.SerialCom1Init) refers to xyringbuffer.o(i.ringbuffer_init) for ringbuffer_init
    usx_process.o(i.SerialCom1Init) refers to usx_process.o(i.US_TxBufferInit) for US_TxBufferInit
    usx_process.o(i.SerialCom1Init) refers to usx_process.o(.bss) for US1_RxPool
    usx_process.o(i.SerialCom1Init) refers to usx_process.o(.data) for US1_RxBuffer
    usx_process.o(i.SerialCom2Init) refers to usart2.o(i.USART2_Init) for USART2_Init
    usx_process.o(i.SerialCom2Init) refers to usx_process.o(i.US_RxBufferInit) for US_RxBufferInit
[...]
    C:\Keil_v5\ARM\PACK\Keil\STM32F1xx_DFP\2.2.0\Device\StdPeriph_Driver\src\stm32f10x_spi.c 0x00000000   Number         0  stm32f10x_spi.o ABSOLUTE
    C:\Keil_v5\ARM\PACK\Keil\STM32F1xx_DFP\2.2.0\Device\StdPeriph_Driver\src\stm32f10x_tim.c 0x00000000   Number         0  stm32f10x_tim.o ABSOLUTE
    C:\Keil_v5\ARM\PACK\Keil\STM32F1xx_DFP\2.2.0\Device\StdPeriph_Driver\src\stm32f10x_usart.c 0x00000000   Number         0  stm32f10x_usart.o ABSOLUTE
    C:\Keil_v5\ARM\PACK\Keil\STM32F1xx_DFP\2.2.0\RTE_Driver\GPIO_STM32F10x.c 0x00000000   Number         0  gpio_stm32f10x.o ABSOLUTE
    C:\\Keil_v5\\ARM\\PACK\\Keil\\STM32F1xx_DFP\\2.2.0\\Device\\StdPeriph_Driver\\src\\misc.c 0x00000000   Number         0  misc.o ABSOLUTE
    C:\\Keil_v5\\ARM\\PACK\\Keil\\STM32F1xx_DFP\\2.2.0\\Device\\StdPeriph_Driver\\src\\stm32f10x_adc.c 0x00000000   Number         0  stm32f10x_adc.o ABSOLUTE
    C:\\Keil_v5\\ARM\\PACK\\Keil\\STM32F1xx_DFP\\2.2.0\\Device\\StdPeriph_Driver\\src\\stm32f10x_can.c 0x00000000   Number         0  stm32f10x_can.o ABSOLUTE
    C:\\Keil_v5\\ARM\\PACK\\Keil\\STM32F1xx_DFP\\2.2.0\\Device\\StdPeriph_Driver\\src\\stm32f10x_dma.c 0x00000000   Number         0  stm32f10x_dma.o ABSOLUTE
    C:\\Keil_v5\\ARM\\PACK\\Keil\\STM32F1xx_DFP\\2.2.0\\Device\\StdPeriph_Driver\\src\\stm32f10x_flash.c 0x00000000   Number         0  stm32f10x_flash.o ABSOLUTE
    C:\\Keil_v5\\ARM\\PACK\\Keil\\STM32F1xx_DFP\\2.2.0\\Device\\StdPeriph_Driver\\src\\stm32f10x_gpio.c 0x00000000   Number         0  stm32f10x_gpio.o ABSOLUTE
    C:\\Keil_v5\\ARM\\PACK\\Keil\\STM32F1xx_DFP\\2.2.0\\Device\\StdPeriph_Driver\\src\\stm32f10x_iwdg.c 0x00000000   Number         0  stm32f10x_iwdg.o ABSOLUTE
    C:\\Keil_v5\\ARM\\PACK\\Keil\\STM32F1xx_DFP\\2.2.0\\Device\\StdPeriph_Driver\\src\\stm32f10x_rcc.c 0x00000000   Number         0  stm32f10x_rcc.o ABSOLUTE
    C:\\Keil_v5\\ARM\\PACK\\Keil\\STM32F1xx_DFP\\2.2.0\\Device\\StdPeriph_Driver\\src\\stm32f10x_spi.c 0x00000000   Number         0  stm32f10x_spi.o ABSOLUTE
    C:\\Keil_v5\\ARM\\PACK\\Keil\\STM32F1xx_DFP\\2.2.0\\Device\\StdPeriph_Driver\\src\\stm32f10x_tim.c 0x00000000   Number         0  stm32f10x_tim.o ABSOLUTE
    C:\\Keil_v5\\ARM\\PACK\\Keil\\STM32F1xx_DFP\\2.2.0\\Device\\StdPeriph_Driver\\src\\stm32f10x_usart.c 0x00000000   Number         0  stm32f10x_usart.o ABSOLUTE
    C:\\Keil_v5\\ARM\\PACK\\Keil\\STM32F1xx_DFP\\2.2.0\\RTE_Driver\\GPIO_STM32F10x.c 0x00000000   Number         0  gpio_stm32f10x.o ABSOLUTE
    CANDrivers\\can.c                        0x00000000   Number         0  can.o ABSOLUTE
    CANDrivers\\can_driver.c                 0x00000000   Number         0  can_driver.o ABSOLUTE
    CANDrivers\\can_protocol.c               0x00000000   Number         0  can_protocol.o ABSOLUTE
    CANDrivers\can.c                         0x00000000   Number         0  can.o ABSOLUTE
    CANDrivers\can_driver.c                  0x00000000   Number         0  can_driver.o ABSOLUTE
    CANDrivers\can_protocol.c                0x00000000   Number         0  can_protocol.o ABSOLUTE
    EEPROM\\eeprom.c                         0x00000000   Number         0  eeprom.o ABSOLUTE
    EEPROM\\version.c                        0x00000000   Number         0  version.o ABSOLUTE
    EEPROM\eeprom.c                          0x00000000   Number         0  eeprom.o ABSOLUTE
    EEPROM\version.c                         0x00000000   Number         0  version.o ABSOLUTE
    FK_Protocols\baseprotocol.c              0x00000000   Number         0  baseprotocol.o ABSOLUTE
    FK_Protocols\data_transform.c            0x00000000   Number         0  data_transform.o ABSOLUTE
    FK_Protocols\item.c                      0x00000000   Number         0  item.o ABSOLUTE
    RTE\Device\STM32F103C8\startup_stm32f10x_md.s 0x00000000   Number         0  startup_stm32f10x_md.o ABSOLUTE
    RTE\Device\STM32F103C8\system_stm32f10x.c 0x00000000   Number         0  system_stm32f10x.o ABSOLUTE
    RTE\\Device\\STM32F103C8\\system_stm32f10x.c 0x00000000   Number         0  system_stm32f10x.o ABSOLUTE
    USARTDrivers\\usart1.c                   0x00000000   Number         0  usart1.o ABSOLUTE
    USARTDrivers\\usart2.c                   0x00000000   Number         0  usart2.o ABSOLUTE
    USARTDrivers\\usart3.c                   0x00000000   Number         0  usart3.o ABSOLUTE
    USARTDrivers\usart1.c                    0x00000000   Number         0  usart1.o ABSOLUTE
    USARTDrivers\usart2.c                    0x00000000   Number         0  usart2.o ABSOLUTE
    USARTDrivers\usart3.c                    0x00000000   Number         0  usart3.o ABSOLUTE
    USER\ADC.c                               0x00000000   Number         0  adc.o ABSOLUTE
    USER\Timer.c                             0x00000000   Number         0  timer.o ABSOLUTE
    USER\USx_Process.c                       0x00000000   Number         0  usx_process.o ABSOLUTE
    USER\XYringbuffer.c                      0x00000000   Number         0  xyringbuffer.o ABSOLUTE
    USER\\ADC.c                              0x00000000   Number         0  adc.o ABSOLUTE
    USER\\Timer.c                            0x00000000   Number         0  timer.o ABSOLUTE
    USER\\USx_Process.c                      0x00000000   Number         0  usx_process.o ABSOLUTE
    USER\\XYringbuffer.c                     0x00000000   Number         0  xyringbuffer.o ABSOLUTE
    USER\\common.c                           0x00000000   Number         0  common.o ABSOLUTE
    USER\\led.c                              0x00000000   Number         0  led.o ABSOLUTE
    USER\\main.c                             0x00000000   Number         0  main.o ABSOLUTE
    USER\common.c                            0x00000000   Number         0  common.o ABSOLUTE
    USER\led.c                               0x00000000   Number         0  led.o ABSOLUTE
    USER\main.c                              0x00000000   Number         0  main.o ABSOLUTE
    dc.s                                     0x00000000   Number         0  dc.o ABSOLUTE
    RESET                                    0x08002800   Section      236  startup_stm32f10x_md.o(RESET)
    !!!main                                  0x080028ec   Section        8  __main.o(!!!main)
    !!!scatter                               0x080028f4   Section       52  __scatter.o(!!!scatter)
    !!dczerorl2                              0x08002928   Section       90  __dczerorl2.o(!!dczerorl2)
    !!handler_zi                             0x08002984   Section       28  __scatter_zi.o(!!handler_zi)
    .ARM.Collect$$libinit$$00000000          0x080029a0   Section        2  libinit.o(.ARM.Collect$$libinit$$00000000)
    .ARM.Collect$$libinit$$00000002          0x080029a2   Section        0  libinit2.o(.ARM.Collect$$libinit$$00000002)
    .ARM.Collect$$libinit$$00000004          0x080029a2   Section        0  libinit2.o(.ARM.Collect$$libinit$$00000004)
    .ARM.Collect$$libinit$$0000000A          0x080029a2   Section        0  libinit2.o(.ARM.Collect$$libinit$$0000000A)
    .ARM.Collect$$libinit$$0000000C          0x080029a2   Section        0  libinit2.o(.ARM.Collect$$libinit$$0000000C)
    .ARM.Collect$$libinit$$0000000E          0x080029a2   Section        0  libinit2.o(.ARM.Collect$$libinit$$0000000E)
    .ARM.Collect$$libinit$$00000011          0x080029a2   Section        0  libinit2.o(.ARM.Collect$$libinit$$00000011)
    .ARM.Collect$$libinit$$00000013          0x080029a2   Section        0  libinit2.o(.ARM.Collect$$libinit$$00000013)
    .ARM.Collect$$libinit$$00000015          0x080029a2   Section        0  libinit2.o(.ARM.Collect$$libinit$$00000015)
    .ARM.Collect$$libinit$$00000017          0x080029a2   Section        0  libinit2.o(.ARM.Collect$$libinit$$00000017)
    .ARM.Collect$$libinit$$00000019          0x080029a2   Section        0  libinit2.o(.ARM.Collect$$libinit$$00000019)
    .ARM.Collect$$libinit$$0000001B          0x080029a2   Section        0  libinit2.o(.ARM.Collect$$libinit$$0000001B)
    .ARM.Collect$$libinit$$0000001D          0x080029a2   Section        0  libinit2.o(.ARM.Collect$$libinit$$0000001D)
    .ARM.Collect$$libinit$$0000001F          0x080029a2   Section        0  libinit2.o(.ARM.Collect$$libinit$$0000001F)
    .ARM.Collect$$libinit$$00000021          0x080029a2   Section        0  libinit2.o(.ARM.Collect$$libinit$$00000021)
    .ARM.Collect$$libinit$$00000023          0x080029a2   Section        0  libinit2.o(.ARM.Collect$$libinit$$00000023)
    .ARM.Collect$$libinit$$00000025          0x080029a2   Section        0  libinit2.o(.ARM.Collect$$libinit$$00000025)
    .ARM.Collect$$libinit$$0000002C          0x080029a2   Section        0  libinit2.o(.ARM.Collect$$libinit$$0000002C)
    .ARM.Collect$$libinit$$0000002E          0x080029a2   Section        0  libinit2.o(.ARM.Collect$$libinit$$0000002E)
    .ARM.Collect$$libinit$$00000030          0x080029a2   Section        0  libinit2.o(.ARM.Collect$$libinit$$00000030)
    .ARM.Collect$$libinit$$00000032          0x080029a2   Section        0  libinit2.o(.ARM.Collect$$libinit$$00000032)
    .ARM.Collect$$libinit$$00000033          0x080029a2   Section        2  libinit2.o(.ARM.Collect$$libinit$$00000033)
    .ARM.Collect$$libshutdown$$00000000      0x080029a4   Section        2  libshutdown.o(.ARM.Collect$$libshutdown$$00000000)
    .ARM.Collect$$libshutdown$$00000002      0x080029a6   Section        0  libshutdown2.o(.ARM.Collect$$libshutdown$$00000002)
    .ARM.Collect$$libshutdown$$00000004      0x080029a6   Section        0  libshutdown2.o(.ARM.Collect$$libshutdown$$00000004)
    .ARM.Collect$$libshutdown$$00000007      0x080029a6   Section        0  libshutdown2.o(.ARM.Collect$$libshutdown$$00000007)
    .ARM.Collect$$libshutdown$$0000000A      0x080029a6   Section        0  libshutdown2.o(.ARM.Collect$$libshutdown$$0000000A)
    .ARM.Collect$$libshutdown$$0000000C      0x080029a6   Section        0  libshutdown2.o(.ARM.Collect$$libshutdown$$0000000C)
    .ARM.Collect$$libshutdown$$0000000F      0x080029a6   Section        0  libshutdown2.o(.ARM.Collect$$libshutdown$$0000000F)
    .ARM.Collect$$libshutdown$$00000010      0x080029a6   Section        2  libshutdown2.o(.ARM.Collect$$libshutdown$$00000010)
    .ARM.Collect$$rtentry$$00000000          0x080029a8   Section        0  __rtentry.o(.ARM.Collect$$rtentry$$00000000)
    .ARM.Collect$$rtentry$$00000002          0x080029a8   Section        0  __rtentry2.o(.ARM.Collect$$rtentry$$00000002)
    .ARM.Collect$$rtentry$$00000004          0x080029a8   Section        6  __rtentry4.o(.ARM.Collect$$rtentry$$00000004)
    .ARM.Collect$$rtentry$$00000009          0x080029ae   Section        0  __rtentry2.o(.ARM.Collect$$rtentry$$00000009)
    .ARM.Collect$$rtentry$$0000000A          0x080029ae   Section        4  __rtentry2.o(.ARM.Collect$$rtentry$$0000000A)
    .ARM.Collect$$rtentry$$0000000C          0x080029b2   Section        0  __rtentry2.o(.ARM.Collect$$rtentry$$0000000C)
    .ARM.Collect$$rtentry$$0000000D          0x080029b2   Section        8  __rtentry2.o(.ARM.Collect$$rtentry$$0000000D)
    .ARM.Collect$$rtexit$$00000000           0x080029ba   Section        2  rtexit.o(.ARM.Collect$$rtexit$$00000000)
    .ARM.Collect$$rtexit$$00000002           0x080029bc   Section        0  rtexit2.o(.ARM.Collect$$rtexit$$00000002)
    .ARM.Collect$$rtexit$$00000003           0x080029bc   Section        4  rtexit2.o(.ARM.Collect$$rtexit$$00000003)
    .ARM.Collect$$rtexit$$00000004           0x080029c0   Section        6  rtexit2.o(.ARM.Collect$$rtexit$$00000004)
    .text                                    0x080029c8   Section       64  startup_stm32f10x_md.o(.text)
    .text                                    0x08002a08   Section        0  strcpy.o(.text)
    .text                                    0x08002a50   Section        0  strlen.o(.text)
    .text                                    0x08002a8e   Section      138  rt_memcpy_v6.o(.text)
    .text                                    0x08002b18   Section      100  rt_memcpy_w.o(.text)
    .text                                    0x08002b7c   Section       78  rt_memclr_w.o(.text)
    .text                                    0x08002bca   Section        0  heapauxi.o(.text)
    .text                                    0x08002bd0   Section       74  sys_stackheap_outer.o(.text)
    .text                                    0x08002c1a   Section        0  exit.o(.text)
    .text                                    0x08002c2c   Section        8  libspace.o(.text)
    .text                                    0x08002c34   Section        0  sys_exit.o(.text)
    .text                                    0x08002c40   Section        2  use_no_semi.o(.text)
    .text                                    0x08002c42   Section        0  indicate_semi.o(.text)
    i.ADC1_GPIO_Config                       0x08002c44   Section        0  adc.o(i.ADC1_GPIO_Config)
    ADC1_GPIO_Config                         0x08002c45   Thumb Code    60  adc.o(i.ADC1_GPIO_Config)
    i.ADC1_Init                              0x08002c88   Section        0  adc.o(i.ADC1_Init)
    i.ADC1_Mode_Config                       0x08002c94   Section        0  adc.o(i.ADC1_Mode_Config)
    ADC1_Mode_Config                         0x08002c95   Thumb Code   118  adc.o(i.ADC1_Mode_Config)
    i.ADC_Cmd                                0x08002d10   Section        0  stm32f10x_adc.o(i.ADC_Cmd)
    i.ADC_DeInit                             0x08002d28   Section        0  stm32f10x_adc.o(i.ADC_DeInit)
    i.ADC_GetCalibrationStatus               0x08002d84   Section        0  stm32f10x_adc.o(i.ADC_GetCalibrationStatus)
    i.ADC_GetConversionValue                 0x08002d98   Section        0  stm32f10x_adc.o(i.ADC_GetConversionValue)
    i.ADC_GetFlagStatus                      0x08002da0   Section        0  stm32f10x_adc.o(i.ADC_GetFlagStatus)
    i.ADC_GetResetCalibrationStatus          0x08002db2   Section        0  stm32f10x_adc.o(i.ADC_GetResetCalibrationStatus)
    i.ADC_Init                               0x08002dc8   Section        0  stm32f10x_adc.o(i.ADC_Init)
    i.ADC_RegularChannelConfig               0x08002e18   Section        0  stm32f10x_adc.o(i.ADC_RegularChannelConfig)
    i.ADC_ResetCalibration                   0x08002ed0   Section        0  stm32f10x_adc.o(i.ADC_ResetCalibration)
    i.ADC_SoftwareStartConvCmd               0x08002eda   Section        0  stm32f10x_adc.o(i.ADC_SoftwareStartConvCmd)
    i.ADC_StartCalibration                   0x08002ef0   Section        0  stm32f10x_adc.o(i.ADC_StartCalibration)
    i.CAN1_RX1_IRQHandler                    0x08002efc   Section        0  can_driver.o(i.CAN1_RX1_IRQHandler)
    i.CAN_ClearITPendingBit                  0x08002f90   Section        0  stm32f10x_can.o(i.CAN_ClearITPendingBit)
    i.CAN_DeInit                             0x08003038   Section        0  stm32f10x_can.o(i.CAN_DeInit)
    i.CAN_FilterInit                         0x08003070   Section        0  stm32f10x_can.o(i.CAN_FilterInit)
    i.CAN_GetITStatus                        0x08003178   Section        0  stm32f10x_can.o(i.CAN_GetITStatus)
    i.CAN_ITConfig                           0x08003298   Section        0  stm32f10x_can.o(i.CAN_ITConfig)
    i.CAN_Init                               0x080032aa   Section        0  stm32f10x_can.o(i.CAN_Init)
    i.CAN_MessagePending                     0x080033be   Section        0  stm32f10x_can.o(i.CAN_MessagePending)
    i.CAN_RX_Callback                        0x080033dc   Section        0  can_protocol.o(i.CAN_RX_Callback)
    i.CAN_Receive                            0x0800342c   Section        0  stm32f10x_can.o(i.CAN_Receive)
    i.CAN_StructInit                         0x0800351c   Section        0  stm32f10x_can.o(i.CAN_StructInit)
    i.CAN_Transmit                           0x0800353c   Section        0  stm32f10x_can.o(i.CAN_Transmit)
    i.CAN_config_init                        0x08003664   Section        0  can.o(i.CAN_config_init)
    CAN_config_init                          0x08003665   Thumb Code    82  can.o(i.CAN_config_init)
    i.CAN_filter_init                        0x080036bc   Section        0  can.o(i.CAN_filter_init)
    CAN_filter_init                          0x080036bd   Thumb Code    68  can.o(i.CAN_filter_init)
    i.CAN_init                               0x08003700   Section        0  can.o(i.CAN_init)
    i.CanReceive                             0x080037d4   Section        0  can_driver.o(i.CanReceive)
    i.CanSend                                0x08003814   Section        0  can_driver.o(i.CanSend)
    i.CanSendToFifo                          0x0800386c   Section        0  can_driver.o(i.CanSendToFifo)
    i.CheckITStatus                          0x080038b4   Section        0  stm32f10x_can.o(i.CheckITStatus)
    CheckITStatus                            0x080038b5   Thumb Code    18  stm32f10x_can.o(i.CheckITStatus)
    i.DMA1_Channel2_IRQHandler               0x080038c8   Section        0  usart3.o(i.DMA1_Channel2_IRQHandler)
    i.DMA1_Channel3_IRQHandler               0x080038ec   Section        0  usart3.o(i.DMA1_Channel3_IRQHandler)
    i.DMA1_Channel4_IRQHandler               0x08003914   Section        0  usart1.o(i.DMA1_Channel4_IRQHandler)
    i.DMA1_Channel5_IRQHandler               0x0800393c   Section        0  usart1.o(i.DMA1_Channel5_IRQHandler)
    i.DMA1_Channel6_IRQHandler               0x08003964   Section        0  usart2.o(i.DMA1_Channel6_IRQHandler)
    i.DMA1_Channel7_IRQHandler               0x0800398c   Section        0  usart2.o(i.DMA1_Channel7_IRQHandler)
    i.DMA_ClearFlag                          0x080039b4   Section        0  stm32f10x_dma.o(i.DMA_ClearFlag)
    i.DMA_Cmd                                0x080039d0   Section        0  stm32f10x_dma.o(i.DMA_Cmd)
    i.DMA_GetCurrDataCounter                 0x080039e8   Section        0  stm32f10x_dma.o(i.DMA_GetCurrDataCounter)
    i.DMA_GetITStatus                        0x080039f0   Section        0  stm32f10x_dma.o(i.DMA_GetITStatus)
    i.EE_FindValidPage                       0x08003a1c   Section        0  eeprom.o(i.EE_FindValidPage)
    EE_FindValidPage                         0x08003a1d   Thumb Code    80  eeprom.o(i.EE_FindValidPage)
    i.EE_Format                              0x08003a74   Section        0  eeprom.o(i.EE_Format)
    EE_Format                                0x08003a75   Thumb Code    50  eeprom.o(i.EE_Format)
    i.EE_Init                                0x08003ab0   Section        0  eeprom.o(i.EE_Init)
    i.EE_PageTransfer                        0x08003cac   Section        0  eeprom.o(i.EE_PageTransfer)
    EE_PageTransfer                          0x08003cad   Thumb Code   224  eeprom.o(i.EE_PageTransfer)
    i.EE_ReadVariable                        0x08003d9c   Section        0  eeprom.o(i.EE_ReadVariable)
    i.EE_VerifyPageFullWriteVariable         0x08003dfc   Section        0  eeprom.o(i.EE_VerifyPageFullWriteVariable)
    EE_VerifyPageFullWriteVariable           0x08003dfd   Thumb Code   100  eeprom.o(i.EE_VerifyPageFullWriteVariable)
    i.EE_WriteVariable                       0x08003e68   Section        0  eeprom.o(i.EE_WriteVariable)
    i.FLASH_ErasePage                        0x08003e8c   Section        0  stm32f10x_flash.o(i.FLASH_ErasePage)
    i.FLASH_GetBank1Status                   0x08003ed8   Section        0  stm32f10x_flash.o(i.FLASH_GetBank1Status)
    i.FLASH_Lock                             0x08003f0c   Section        0  stm32f10x_flash.o(i.FLASH_Lock)
    i.FLASH_ProgramHalfWord                  0x08003f20   Section        0  stm32f10x_flash.o(i.FLASH_ProgramHalfWord)
    i.FLASH_Unlock                           0x08003f60   Section        0  stm32f10x_flash.o(i.FLASH_Unlock)
    i.FLASH_WaitForLastOperation             0x08003f78   Section        0  stm32f10x_flash.o(i.FLASH_WaitForLastOperation)
    i.GPIO_Init                              0x08003f9e   Section        0  stm32f10x_gpio.o(i.GPIO_Init)
    i.GPIO_PinRemapConfig                    0x080040b4   Section        0  stm32f10x_gpio.o(i.GPIO_PinRemapConfig)
    i.GPIO_SetBits                           0x08004144   Section        0  stm32f10x_gpio.o(i.GPIO_SetBits)
    i.GPIO_ToggleBits                        0x08004148   Section        0  led.o(i.GPIO_ToggleBits)
    i.GPIO_led_Configuration                 0x08004150   Section        0  led.o(i.GPIO_led_Configuration)
    i.GetChVoltage                           0x08004198   Section        0  adc.o(i.GetChVoltage)
    i.Get_Adc                                0x0800427c   Section        0  adc.o(i.Get_Adc)
    Get_Adc                                  0x0800427d   Thumb Code    66  adc.o(i.Get_Adc)
    i.IWDG_Config                            0x080042c4   Section        0  main.o(i.IWDG_Config)
    i.IWDG_Enable                            0x080042e8   Section        0  stm32f10x_iwdg.o(i.IWDG_Enable)
    i.IWDG_ReloadCounter                     0x080042f8   Section        0  stm32f10x_iwdg.o(i.IWDG_ReloadCounter)
    i.IWDG_SetPrescaler                      0x08004308   Section        0  stm32f10x_iwdg.o(i.IWDG_SetPrescaler)
    i.IWDG_SetReload                         0x08004314   Section        0  stm32f10x_iwdg.o(i.IWDG_SetReload)
    i.IWDG_WriteAccessCmd                    0x08004320   Section        0  stm32f10x_iwdg.o(i.IWDG_WriteAccessCmd)
    i.InitVirAdd                             0x0800432c   Section        0  version.o(i.InitVirAdd)
    InitVirAdd                               0x0800432d   Thumb Code    28  version.o(i.InitVirAdd)
    i.NVIC_Init                              0x0800434c   Section        0  misc.o(i.NVIC_Init)
    i.NVIC_PriorityGroupConfig               0x080043bc   Section        0  misc.o(i.NVIC_PriorityGroupConfig)
    i.RCC_ADCCLKConfig                       0x080043d0   Section        0  stm32f10x_rcc.o(i.RCC_ADCCLKConfig)
    i.RCC_APB1PeriphClockCmd                 0x080043e8   Section        0  stm32f10x_rcc.o(i.RCC_APB1PeriphClockCmd)
    i.RCC_APB1PeriphResetCmd                 0x08004408   Section        0  stm32f10x_rcc.o(i.RCC_APB1PeriphResetCmd)
    i.RCC_APB2PeriphClockCmd                 0x08004428   Section        0  stm32f10x_rcc.o(i.RCC_APB2PeriphClockCmd)
    i.RCC_APB2PeriphResetCmd                 0x08004448   Section        0  stm32f10x_rcc.o(i.RCC_APB2PeriphResetCmd)
    i.SaveVersionMessage                     0x08004468   Section        0  version.o(i.SaveVersionMessage)
    i.SetSysClock                            0x08004538   Section        0  system_stm32f10x.o(i.SetSysClock)
    SetSysClock                              0x08004539   Thumb Code     8  system_stm32f10x.o(i.SetSysClock)
    i.SetSysClockTo72                        0x08004540   Section        0  system_stm32f10x.o(i.SetSysClockTo72)
    SetSysClockTo72                          0x08004541   Thumb Code   214  system_stm32f10x.o(i.SetSysClockTo72)
    i.SystemInit                             0x08004620   Section        0  system_stm32f10x.o(i.SystemInit)
    i.TIM2_IRQHandler                        0x08004680   Section        0  main.o(i.TIM2_IRQHandler)
    i.TIM_ClearITPendingBit                  0x08004798   Section        0  stm32f10x_tim.o(i.TIM_ClearITPendingBit)
    i.TIM_Cmd                                0x0800479e   Section        0  stm32f10x_tim.o(i.TIM_Cmd)
    i.TIM_DeInit                             0x080047b8   Section        0  stm32f10x_tim.o(i.TIM_DeInit)
    i.TIM_GetITStatus                        0x080049a0   Section        0  stm32f10x_tim.o(i.TIM_GetITStatus)
    i.TIM_ITConfig                           0x080049c2   Section        0  stm32f10x_tim.o(i.TIM_ITConfig)
    i.TIM_TimeBaseInit                       0x080049d4   Section        0  stm32f10x_tim.o(i.TIM_TimeBaseInit)
    i.Timer2_Init                            0x08004a78   Section        0  timer.o(i.Timer2_Init)
    i.US1DMA_RxCplt_Callback                 0x08004adc   Section        0  usart1.o(i.US1DMA_RxCplt_Callback)
    i.US1DMA_RxIdle_Callback                 0x08004b04   Section        0  usx_process.o(i.US1DMA_RxIdle_Callback)
    i.US1DMA_TxCplt_Callback                 0x08004b54   Section        0  usx_process.o(i.US1DMA_TxCplt_Callback)
    i.US2DMA_RxCplt_Callback                 0x08004b64   Section        0  usart2.o(i.US2DMA_RxCplt_Callback)
    i.US2DMA_RxIdle_Callback                 0x08004b8c   Section        0  usx_process.o(i.US2DMA_RxIdle_Callback)
    i.US2DMA_TxCplt_Callback                 0x08004bdc   Section        0  usx_process.o(i.US2DMA_TxCplt_Callback)
    i.US3DMA_RxCplt_Callback                 0x08004bec   Section        0  usart3.o(i.US3DMA_RxCplt_Callback)
    i.US3DMA_RxIdle_Callback                 0x08004c14   Section        0  usx_process.o(i.US3DMA_RxIdle_Callback)
    i.US3DMA_TxCplt_Callback                 0x08004c64   Section        0  usx_process.o(i.US3DMA_TxCplt_Callback)
    i.USART1_IRQHandler                      0x08004c74   Section        0  usart1.o(i.USART1_IRQHandler)
    i.USART2_IRQHandler                      0x08004cac   Section        0  usart2.o(i.USART2_IRQHandler)
    i.USART3_IRQHandler                      0x08004ce4   Section        0  usart3.o(i.USART3_IRQHandler)
    i.USART_GetITStatus                      0x08004d1c   Section        0  stm32f10x_usart.o(i.USART_GetITStatus)
    i.USB_LP_CAN1_RX0_IRQHandler             0x08004d70   Section        0  can_driver.o(i.USB_LP_CAN1_RX0_IRQHandler)
    i._abortPendingTransmissions             0x08004e04   Section        0  can_driver.o(i._abortPendingTransmissions)
    _abortPendingTransmissions               0x08004e05   Thumb Code    14  can_driver.o(i._abortPendingTransmissions)
    i._fifoPop                               0x08004e1c   Section        0  can_driver.o(i._fifoPop)
    _fifoPop                                 0x08004e1d   Thumb Code    64  can_driver.o(i._fifoPop)
    i._fifoPush                              0x08004e5c   Section        0  can_driver.o(i._fifoPush)
    _fifoPush                                0x08004e5d   Thumb Code    88  can_driver.o(i._fifoPush)
    i._frameCanas2Spl                        0x08004eb4   Section        0  can_driver.o(i._frameCanas2Spl)
    _frameCanas2Spl                          0x08004eb5   Thumb Code    82  can_driver.o(i._frameCanas2Spl)
    i._frameSpl2Canas                        0x08004f06   Section        0  can_driver.o(i._frameSpl2Canas)
    _frameSpl2Canas                          0x08004f07   Thumb Code    78  can_driver.o(i._frameSpl2Canas)
    i.delay_init                             0x08004f54   Section        0  common.o(i.delay_init)
    i.main                                   0x08004f94   Section        0  main.o(i.main)
    i.ringbuffer_data_len                    0x08005024   Section        0  xyringbuffer.o(i.ringbuffer_data_len)
    i.ringbuffer_put_force                   0x08005072   Section        0  xyringbuffer.o(i.ringbuffer_put_force)
    i.ringbuffer_status                      0x0800513a   Section        0  xyringbuffer.o(i.ringbuffer_status)
    x$fpl$fadd                               0x08005164   Section      196  faddsub_clz.o(x$fpl$fadd)
    _fadd1                                   0x08005173   Thumb Code     0  faddsub_clz.o(x$fpl$fadd)
    x$fpl$fcmpinf                            0x08005228   Section       24  fcmpi.o(x$fpl$fcmpinf)
    x$fpl$fdiv                               0x08005240   Section      388  fdiv.o(x$fpl$fdiv)
    _fdiv1                                   0x08005241   Thumb Code     0  fdiv.o(x$fpl$fdiv)
    x$fpl$ffixu                              0x080053c4   Section       62  ffixu.o(x$fpl$ffixu)
    x$fpl$fflt                               0x08005404   Section       48  fflt_clz.o(x$fpl$fflt)
    x$fpl$ffltu                              0x08005434   Section       38  fflt_clz.o(x$fpl$ffltu)
    x$fpl$fleqf                              0x0800545c   Section      104  fleqf.o(x$fpl$fleqf)
    x$fpl$fmul                               0x080054c4   Section      258  fmul.o(x$fpl$fmul)
    x$fpl$fnaninf                            0x080055c6   Section      140  fnaninf.o(x$fpl$fnaninf)
    x$fpl$fretinf                            0x08005652   Section       10  fretinf.o(x$fpl$fretinf)
    x$fpl$fsub                               0x0800565c   Section      234  faddsub_clz.o(x$fpl$fsub)
    _fsub1                                   0x0800566b   Thumb Code     0  faddsub_clz.o(x$fpl$fsub)
    .constdata                               0x08005746   Section       50  version.o(.constdata)
    x$fpl$usenofp                            0x08005746   Section        0  usenofp.o(x$fpl$usenofp)
    .data                                    0x20000000   Section       32  main.o(.data)
    .data                                    0x20000020   Section        4  common.o(.data)
    fac_us                                   0x20000020   Data           1  common.o(.data)
    fac_ms                                   0x20000022   Data           2  common.o(.data)
    .data                                    0x20000024   Section       24  usx_process.o(.data)
    .data                                    0x2000003c   Section        6  usart1.o(.data)
    .data                                    0x20000044   Section        6  usart2.o(.data)
    .data                                    0x2000004c   Section        6  usart3.o(.data)
    .data                                    0x20000052   Section        2  eeprom.o(.data)
    .data                                    0x20000054   Section      404  version.o(.data)
    .data                                    0x200001e8   Section       44  can_driver.o(.data)
    _fifo_rx                                 0x200001e8   Data          20  can_driver.o(.data)
    _fifo_tx                                 0x200001fc   Data          20  can_driver.o(.data)
    _error_mask                              0x20000210   Data           4  can_driver.o(.data)
    .bss                                     0x20000214   Section       32  main.o(.bss)
    .bss                                     0x20000234   Section     2172  usx_process.o(.bss)
    .bss                                     0x20000ab0   Section     4000  can_driver.o(.bss)
    _buff_rx                                 0x20000ab0   Data        2000  can_driver.o(.bss)
    _buff_tx                                 0x20001280   Data        2000  can_driver.o(.bss)
    .bss                                     0x20001a50   Section       96  libspace.o(.bss)
    HEAP                                     0x20001ab0   Section      512  startup_stm32f10x_md.o(HEAP)
    Heap_Mem                                 0x20001ab0   Data         512  startup_stm32f10x_md.o(HEAP)
    STACK                                    0x20001cb0   Section     1024  startup_stm32f10x_md.o(STACK)
    Stack_Mem                                0x20001cb0   Data        1024  startup_stm32f10x_md.o(STACK)
    __initial_sp                             0x200020b0   Data           0  startup_stm32f10x_md.o(STACK)

    Global Symbols

    Symbol Name                              Value     Ov Type        Size  Object(Section)

    BuildAttributes$$THM_ISAv4$P$D$K$B$S$PE$A:L22UL41UL21$X:L11$S22US41US21$IEEE1$IW$USESV6$~STKCKD$USESV7$~SHL$OSPACE$ROPI$EBA8$UX$STANDARDLIB$REQ8$PRES8$EABIv2 0x00000000   Number         0  anon$$obj.o ABSOLUTE
    __ARM_use_no_argv                        0x00000000   Number         0  main.o ABSOLUTE
    __ARM_exceptions_init                     - Undefined Weak Reference
    __alloca_initialize                       - Undefined Weak Reference
    __arm_preinit_                            - Undefined Weak Reference
    __cpp_initialize__aeabi_                  - Undefined Weak Reference
    __cxa_finalize                            - Undefined Weak Reference
    __rt_locale                               - Undefined Weak Reference
    __sigvec_lookup                           - Undefined Weak Reference
    _atexit_init                              - Undefined Weak Reference
    _call_atexit_fns                          - Undefined Weak Reference
    _clock_init                               - Undefined Weak Reference
    _fp_trap_init                             - Undefined Weak Reference
    _fp_trap_shutdown                         - Undefined Weak Reference
    _get_lc_collate                           - Undefined Weak Reference
    _get_lc_ctype                             - Undefined Weak Reference
    _get_lc_monetary                          - Undefined Weak Reference
    _get_lc_numeric                           - Undefined Weak Reference
    _get_lc_time                              - Undefined Weak Reference
    _getenv_init                              - Undefined Weak Reference
    _handle_redirection                       - Undefined Weak Reference
    _init_alloc                               - Undefined Weak Reference
    _init_user_alloc                          - Undefined Weak Reference
    _initio                                   - Undefined Weak Reference
    _rand_init                                - Undefined Weak Reference
    _signal_finish                            - Undefined Weak Reference
    _signal_init                              - Undefined Weak Reference
    _terminate_alloc                          - Undefined Weak Reference
    _terminate_user_alloc                     - Undefined Weak Reference
    _terminateio                              - Undefined Weak Reference
    __Vectors_Size                           0x000000ec   Number         0  startup_stm32f10x_md.o ABSOLUTE
    __Vectors                                0x08002800   Data           4  startup_stm32f10x_md.o(RESET)
    __Vectors_End                            0x080028ec   Data           0  startup_stm32f10x_md.o(RESET)
    __main                                   0x080028ed   Thumb Code     8  __main.o(!!!main)
    __scatterload                            0x080028f5   Thumb Code     0  __scatter.o(!!!scatter)
    __scatterload_rt2                        0x080028f5   Thumb Code    44  __scatter.o(!!!scatter)
    __scatterload_rt2_thumb_only             0x080028f5   Thumb Code     0  __scatter.o(!!!scatter)
    __scatterload_null                       0x08002903   Thumb Code     0  __scatter.o(!!!scatter)
    __decompress                             0x08002929   Thumb Code    90  __dczerorl2.o(!!dczerorl2)
    __decompress1                            0x08002929   Thumb Code     0  __dczerorl2.o(!!dczerorl2)
    __scatterload_zeroinit                   0x08002985   Thumb Code    28  __scatter_zi.o(!!handler_zi)
    __rt_lib_init                            0x080029a1   Thumb Code     0  libinit.o(.ARM.Collect$$libinit$$00000000)
    __rt_lib_init_alloca_1                   0x080029a3   Thumb Code     0  libinit2.o(.ARM.Collect$$libinit$$0000002E)
    __rt_lib_init_argv_1                     0x080029a3   Thumb Code     0  libinit2.o(.ARM.Collect$$libinit$$0000002C)
    __rt_lib_init_atexit_1                   0x080029a3   Thumb Code     0  libinit2.o(.ARM.Collect$$libinit$$0000001B)
    __rt_lib_init_clock_1                    0x080029a3   Thumb Code     0  libinit2.o(.ARM.Collect$$libinit$$00000021)
    __rt_lib_init_cpp_1                      0x080029a3   Thumb Code     0  libinit2.o(.ARM.Collect$$libinit$$00000032)
    __rt_lib_init_exceptions_1               0x080029a3   Thumb Code     0  libinit2.o(.ARM.Collect$$libinit$$00000030)
    __rt_lib_init_fp_1                       0x080029a3   Thumb Code     0  libinit2.o(.ARM.Collect$$libinit$$00000002)
    __rt_lib_init_fp_trap_1                  0x080029a3   Thumb Code     0  libinit2.o(.ARM.Collect$$libinit$$0000001F)
    __rt_lib_init_getenv_1                   0x080029a3   Thumb Code     0  libinit2.o(.ARM.Collect$$libinit$$00000023)
    __rt_lib_init_heap_1                     0x080029a3   Thumb Code     0  libinit2.o(.ARM.Collect$$libinit$$0000000A)
    __rt_lib_init_lc_collate_1               0x080029a3   Thumb Code     0  libinit2.o(.ARM.Collect$$libinit$$00000011)
    __rt_lib_init_lc_ctype_1                 0x080029a3   Thumb Code     0  libinit2.o(.ARM.Collect$$libinit$$00000013)
    __rt_lib_init_lc_monetary_1              0x080029a3   Thumb Code     0  libinit2.o(.ARM.Collect$$libinit$$00000015)
    __rt_lib_init_lc_numeric_1               0x080029a3   Thumb Code     0  libinit2.o(.ARM.Collect$$libinit$$00000017)
    __rt_lib_init_lc_time_1                  0x080029a3   Thumb Code     0  libinit2.o(.ARM.Collect$$libinit$$00000019)
    __rt_lib_init_preinit_1                  0x080029a3   Thumb Code     0  libinit2.o(.ARM.Collect$$libinit$$00000004)
    __rt_lib_init_rand_1                     0x080029a3   Thumb Code     0  libinit2.o(.ARM.Collect$$libinit$$0000000E)
    __rt_lib_init_return                     0x080029a3   Thumb Code     0  libinit2.o(.ARM.Collect$$libinit$$00000033)
    __rt_lib_init_signal_1                   0x080029a3   Thumb Code     0  libinit2.o(.ARM.Collect$$libinit$$0000001D)
    __rt_lib_init_stdio_1                    0x080029a3   Thumb Code     0  libinit2.o(.ARM.Collect$$libinit$$00000025)
    __rt_lib_init_user_alloc_1               0x080029a3   Thumb Code     0  libinit2.o(.ARM.Collect$$libinit$$0000000C)
    __rt_lib_shutdown                        0x080029a5   Thumb Code     0  libshutdown.o(.ARM.Collect$$libshutdown$$00000000)
    __rt_lib_shutdown_cpp_1                  0x080029a7   Thumb Code     0  libshutdown2.o(.ARM.Collect$$libshutdown$$00000002)
    __rt_lib_shutdown_fp_trap_1              0x080029a7   Thumb Code     0  libshutdown2.o(.ARM.Collect$$libshutdown$$00000007)
    __rt_lib_shutdown_heap_1                 0x080029a7   Thumb Code     0  libshutdown2.o(.ARM.Collect$$libshutdown$$0000000F)
    __rt_lib_shutdown_return                 0x080029a7   Thumb Code     0  libshutdown2.o(.ARM.Collect$$libshutdown$$00000010)
    __rt_lib_shutdown_signal_1               0x080029a7   Thumb Code     0  libshutdown2.o(.ARM.Collect$$libshutdown$$0000000A)
    __rt_lib_shutdown_stdio_1                0x080029a7   Thumb Code     0  libshutdown2.o(.ARM.Collect$$libshutdown$$00000004)
    __rt_lib_shutdown_user_alloc_1           0x080029a7   Thumb Code     0  libshutdown2.o(.ARM.Collect$$libshutdown$$0000000C)
    __rt_entry                               0x080029a9   Thumb Code     0  __rtentry.o(.ARM.Collect$$rtentry$$00000000)
    __rt_entry_presh_1                       0x080029a9   Thumb Code     0  __rtentry2.o(.ARM.Collect$$rtentry$$00000002)
    __rt_entry_sh                            0x080029a9   Thumb Code     0  __rtentry4.o(.ARM.Collect$$rtentry$$00000004)
    __rt_entry_li                            0x080029af   Thumb Code     0  __rtentry2.o(.ARM.Collect$$rtentry$$0000000A)
    __rt_entry_postsh_1                      0x080029af   Thumb Code     0  __rtentry2.o(.ARM.Collect$$rtentry$$00000009)
    __rt_entry_main                          0x080029b3   Thumb Code     0  __rtentry2.o(.ARM.Collect$$rtentry$$0000000D)
    __rt_entry_postli_1                      0x080029b3   Thumb Code     0  __rtentry2.o(.ARM.Collect$$rtentry$$0000000C)
    __rt_exit                                0x080029bb   Thumb Code     0  rtexit.o(.ARM.Collect$$rtexit$$00000000)
    __rt_exit_ls                             0x080029bd   Thumb Code     0  rtexit2.o(.ARM.Collect$$rtexit$$00000003)
    __rt_exit_prels_1                        0x080029bd   Thumb Code     0  rtexit2.o(.ARM.Collect$$rtexit$$00000002)
    __rt_exit_exit                           0x080029c1   Thumb Code     0  rtexit2.o(.ARM.Collect$$rtexit$$00000004)
    Reset_Handler                            0x080029c9   Thumb Code     8  startup_stm32f10x_md.o(.text)
    NMI_Handler                              0x080029d1   Thumb Code     2  startup_stm32f10x_md.o(.text)
    HardFault_Handler                        0x080029d3   Thumb Code     2  startup_stm32f10x_md.o(.text)
    MemManage_Handler                        0x080029d5   Thumb Code     2  startup_stm32f10x_md.o(.text)
    BusFault_Handler                         0x080029d7   Thumb Code     2  startup_stm32f10x_md.o(.text)
    UsageFault_Handler                       0x080029d9   Thumb Code     2  startup_stm32f10x_md.o(.text)
    SVC_Handler                              0x080029db   Thumb Code     2  startup_stm32f10x_md.o(.text)
    DebugMon_Handler                         0x080029dd   Thumb Code     2  startup_stm32f10x_md.o(.text)
    PendSV_Handler                           0x080029df   Thumb Code     2  startup_stm32f10x_md.o(.text)
    SysTick_Handler                          0x080029e1   Thumb Code     2  startup_stm32f10x_md.o(.text)
    ADC1_2_IRQHandler                        0x080029e3   Thumb Code     0  startup_stm32f10x_md.o(.text)
    CAN1_SCE_IRQHandler                      0x080029e3   Thumb Code     0  startup_stm32f10x_md.o(.text)
    DMA1_Channel1_IRQHandler                 0x080029e3   Thumb Code     0  startup_stm32f10x_md.o(.text)
    EXTI0_IRQHandler                         0x080029e3   Thumb Code     0  startup_stm32f10x_md.o(.text)
    EXTI15_10_IRQHandler                     0x080029e3   Thumb Code     0  startup_stm32f10x_md.o(.text)
    EXTI1_IRQHandler                         0x080029e3   Thumb Code     0  startup_stm32f10x_md.o(.text)
    EXTI2_IRQHandler                         0x080029e3   Thumb Code     0  startup_stm32f10x_md.o(.text)
    EXTI3_IRQHandler                         0x080029e3   Thumb Code     0  startup_stm32f10x_md.o(.text)
    EXTI4_IRQHandler                         0x080029e3   Thumb Code     0  startup_stm32f10x_md.o(.text)
    EXTI9_5_IRQHandler                       0x080029e3   Thumb Code     0  startup_stm32f10x_md.o(.text)
    FLASH_IRQHandler                         0x080029e3   Thumb Code     0  startup_stm32f10x_md.o(.text)
    I2C1_ER_IRQHandler                       0x080029e3   Thumb Code     0  startup_stm32f10x_md.o(.text)
    I2C1_EV_IRQHandler                       0x080029e3   Thumb Code     0  startup_stm32f10x_md.o(.text)
    I2C2_ER_IRQHandler                       0x080029e3   Thumb Code     0  startup_stm32f10x_md.o(.text)
    I2C2_EV_IRQHandler                       0x080029e3   Thumb Code     0  startup_stm32f10x_md.o(.text)
    PVD_IRQHandler                           0x080029e3   Thumb Code     0  startup_stm32f10x_md.o(.text)
    RCC_IRQHandler                           0x080029e3   Thumb Code     0  startup_stm32f10x_md.o(.text)
    RTCAlarm_IRQHandler                      0x080029e3   Thumb Code     0  startup_stm32f10x_md.o(.text)
    RTC_IRQHandler                           0x080029e3   Thumb Code     0  startup_stm32f10x_md.o(.text)
    SPI1_IRQHandler                          0x080029e3   Thumb Code     0  startup_stm32f10x_md.o(.text)
    SPI2_IRQHandler                          0x080029e3   Thumb Code     0  startup_stm32f10x_md.o(.text)
    TAMPER_IRQHandler                        0x080029e3   Thumb Code     0  startup_stm32f10x_md.o(.text)
    TIM1_BRK_IRQHandler                      0x080029e3   Thumb Code     0  startup_stm32f10x_md.o(.text)
    TIM1_CC_IRQHandler                       0x080029e3   Thumb Code     0  startup_stm32f10x_md.o(.text)
    TIM1_TRG_COM_IRQHandler                  0x080029e3   Thumb Code     0  startup_stm32f10x_md.o(.text)
    TIM1_UP_IRQHandler                       0x080029e3   Thumb Code     0  startup_stm32f10x_md.o(.text)
    TIM3_IRQHandler                          0x080029e3   Thumb Code     0  startup_stm32f10x_md.o(.text)
    TIM4_IRQHandler                          0x080029e3   Thumb Code     0  startup_stm32f10x_md.o(.text)
    USBWakeUp_IRQHandler                     0x080029e3   Thumb Code     0  startup_stm32f10x_md.o(.text)
    USB_HP_CAN1_TX_IRQHandler                0x080029e3   Thumb Code     0  startup_stm32f10x_md.o(.text)
    WWDG_IRQHandler                          0x080029e3   Thumb Code     0  startup_stm32f10x_md.o(.text)
    __user_initial_stackheap                 0x080029e5   Thumb Code     0  startup_stm32f10x_md.o(.text)
    strcpy                                   0x08002a09   Thumb Code    72  strcpy.o(.text)
    strlen                                   0x08002a51   Thumb Code    62  strlen.o(.text)
    __aeabi_memcpy                           0x08002a8f   Thumb Code     0  rt_memcpy_v6.o(.text)
    __rt_memcpy                              0x08002a8f   Thumb Code   138  rt_memcpy_v6.o(.text)
    _memcpy_lastbytes                        0x08002af5   Thumb Code     0  rt_memcpy_v6.o(.text)
    __aeabi_memcpy4                          0x08002b19   Thumb Code     0  rt_memcpy_w.o(.text)
    __aeabi_memcpy8                          0x08002b19   Thumb Code     0  rt_memcpy_w.o(.text)
    __rt_memcpy_w                            0x08002b19   Thumb Code   100  rt_memcpy_w.o(.text)
    _memcpy_lastbytes_aligned                0x08002b61   Thumb Code     0  rt_memcpy_w.o(.text)
    __aeabi_memclr4                          0x08002b7d   Thumb Code     0  rt_memclr_w.o(.text)
    __aeabi_memclr8                          0x08002b7d   Thumb Code     0  rt_memclr_w.o(.text)
    __rt_memclr_w                            0x08002b7d   Thumb Code    78  rt_memclr_w.o(.text)
    _memset_w                                0x08002b81   Thumb Code     0  rt_memclr_w.o(.text)
    __use_two_region_memory                  0x08002bcb   Thumb Code     2  heapauxi.o(.text)
    __rt_heap_escrow$2region                 0x08002bcd   Thumb Code     2  heapauxi.o(.text)
    __rt_heap_expand$2region                 0x08002bcf   Thumb Code     2  heapauxi.o(.text)
    __user_setup_stackheap                   0x08002bd1   Thumb Code    74  sys_stackheap_outer.o(.text)
    exit                                     0x08002c1b   Thumb Code    18  exit.o(.text)
    __user_libspace                          0x08002c2d   Thumb Code     8  libspace.o(.text)
    __user_perproc_libspace                  0x08002c2d   Thumb Code     0  libspace.o(.text)
    __user_perthread_libspace                0x08002c2d   Thumb Code     0  libspace.o(.text)
    _sys_exit                                0x08002c35   Thumb Code     8  sys_exit.o(.text)
    __I$use$semihosting                      0x08002c41   Thumb Code     0  use_no_semi.o(.text)
    __use_no_semihosting_swi                 0x08002c41   Thumb Code     2  use_no_semi.o(.text)
    __semihosting_library_function           0x08002c43   Thumb Code     0  indicate_semi.o(.text)
    ADC1_Init                                0x08002c89   Thumb Code    12  adc.o(i.ADC1_Init)
    ADC_Cmd                                  0x08002d11   Thumb Code    22  stm32f10x_adc.o(i.ADC_Cmd)
    ADC_DeInit                               0x08002d29   Thumb Code    78  stm32f10x_adc.o(i.ADC_DeInit)
    ADC_GetCalibrationStatus                 0x08002d85   Thumb Code    20  stm32f10x_adc.o(i.ADC_GetCalibrationStatus)
    ADC_GetConversionValue                   0x08002d99   Thumb Code     8  stm32f10x_adc.o(i.ADC_GetConversionValue)
    ADC_GetFlagStatus                        0x08002da1   Thumb Code    18  stm32f10x_adc.o(i.ADC_GetFlagStatus)
    ADC_GetResetCalibrationStatus            0x08002db3   Thumb Code    20  stm32f10x_adc.o(i.ADC_GetResetCalibrationStatus)
    ADC_Init                                 0x08002dc9   Thumb Code    70  stm32f10x_adc.o(i.ADC_Init)
    ADC_RegularChannelConfig                 0x08002e19   Thumb Code   184  stm32f10x_adc.o(i.ADC_RegularChannelConfig)
    ADC_ResetCalibration                     0x08002ed1   Thumb Code    10  stm32f10x_adc.o(i.ADC_ResetCalibration)
    ADC_SoftwareStartConvCmd                 0x08002edb   Thumb Code    22  stm32f10x_adc.o(i.ADC_SoftwareStartConvCmd)
    ADC_StartCalibration                     0x08002ef1   Thumb Code    10  stm32f10x_adc.o(i.ADC_StartCalibration)
    CAN1_RX1_IRQHandler                      0x08002efd   Thumb Code   136  can_driver.o(i.CAN1_RX1_IRQHandler)
    CAN_ClearITPendingBit                    0x08002f91   Thumb Code   162  stm32f10x_can.o(i.CAN_ClearITPendingBit)
    CAN_DeInit                               0x08003039   Thumb Code    50  stm32f10x_can.o(i.CAN_DeInit)
    CAN_FilterInit                           0x08003071   Thumb Code   258  stm32f10x_can.o(i.CAN_FilterInit)
    CAN_GetITStatus                          0x08003179   Thumb Code   284  stm32f10x_can.o(i.CAN_GetITStatus)
    CAN_ITConfig                             0x08003299   Thumb Code    18  stm32f10x_can.o(i.CAN_ITConfig)
    CAN_Init                                 0x080032ab   Thumb Code   276  stm32f10x_can.o(i.CAN_Init)
    CAN_MessagePending                       0x080033bf   Thumb Code    30  stm32f10x_can.o(i.CAN_MessagePending)
    CAN_RX_Callback                          0x080033dd   Thumb Code    70  can_protocol.o(i.CAN_RX_Callback)
    CAN_Receive                              0x0800342d   Thumb Code   240  stm32f10x_can.o(i.CAN_Receive)
    CAN_StructInit                           0x0800351d   Thumb Code    32  stm32f10x_can.o(i.CAN_StructInit)
    CAN_Transmit                             0x0800353d   Thumb Code   294  stm32f10x_can.o(i.CAN_Transmit)
    CAN_init                                 0x08003701   Thumb Code   204  can.o(i.CAN_init)
    CanReceive                               0x080037d5   Thumb Code    50  can_driver.o(i.CanReceive)
    CanSend                                  0x08003815   Thumb Code    78  can_driver.o(i.CanSend)
    CanSendToFifo                            0x0800386d   Thumb Code    62  can_driver.o(i.CanSendToFifo)
    DMA1_Channel2_IRQHandler                 0x080038c9   Thumb Code    30  usart3.o(i.DMA1_Channel2_IRQHandler)
    DMA1_Channel3_IRQHandler                 0x080038ed   Thumb Code    34  usart3.o(i.DMA1_Channel3_IRQHandler)
    DMA1_Channel4_IRQHandler                 0x08003915   Thumb Code    34  usart1.o(i.DMA1_Channel4_IRQHandler)
    DMA1_Channel5_IRQHandler                 0x0800393d   Thumb Code    34  usart1.o(i.DMA1_Channel5_IRQHandler)
    DMA1_Channel6_IRQHandler                 0x08003965   Thumb Code    34  usart2.o(i.DMA1_Channel6_IRQHandler)
    DMA1_Channel7_IRQHandler                 0x0800398d   Thumb Code    34  usart2.o(i.DMA1_Channel7_IRQHandler)
    DMA_ClearFlag                            0x080039b5   Thumb Code    18  stm32f10x_dma.o(i.DMA_ClearFlag)
    DMA_Cmd                                  0x080039d1   Thumb Code    24  stm32f10x_dma.o(i.DMA_Cmd)
    DMA_GetCurrDataCounter                   0x080039e9   Thumb Code     8  stm32f10x_dma.o(i.DMA_GetCurrDataCounter)
    DMA_GetITStatus                          0x080039f1   Thumb Code    36  stm32f10x_dma.o(i.DMA_GetITStatus)
    EE_Init                                  0x08003ab1   Thumb Code   490  eeprom.o(i.EE_Init)
    EE_ReadVariable                          0x08003d9d   Thumb Code    92  eeprom.o(i.EE_ReadVariable)
    EE_WriteVariable                         0x08003e69   Thumb Code    36  eeprom.o(i.EE_WriteVariable)
    FLASH_ErasePage                          0x08003e8d   Thumb Code    72  stm32f10x_flash.o(i.FLASH_ErasePage)
    FLASH_GetBank1Status                     0x08003ed9   Thumb Code    48  stm32f10x_flash.o(i.FLASH_GetBank1Status)
    FLASH_Lock                               0x08003f0d   Thumb Code    14  stm32f10x_flash.o(i.FLASH_Lock)
    FLASH_ProgramHalfWord                    0x08003f21   Thumb Code    60  stm32f10x_flash.o(i.FLASH_ProgramHalfWord)
    FLASH_Unlock                             0x08003f61   Thumb Code    12  stm32f10x_flash.o(i.FLASH_Unlock)
    FLASH_WaitForLastOperation               0x08003f79   Thumb Code    38  stm32f10x_flash.o(i.FLASH_WaitForLastOperation)
    GPIO_Init                                0x08003f9f   Thumb Code   278  stm32f10x_gpio.o(i.GPIO_Init)
    GPIO_PinRemapConfig                      0x080040b5   Thumb Code   138  stm32f10x_gpio.o(i.GPIO_PinRemapConfig)
    GPIO_SetBits                             0x08004145   Thumb Code     4  stm32f10x_gpio.o(i.GPIO_SetBits)
    GPIO_ToggleBits                          0x08004149   Thumb Code     8  led.o(i.GPIO_ToggleBits)
    GPIO_led_Configuration                   0x08004151   Thumb Code    62  led.o(i.GPIO_led_Configuration)
    GetChVoltage                             0x08004199   Thumb Code   202  adc.o(i.GetChVoltage)
    IWDG_Config                              0x080042c5   Thumb Code    34  main.o(i.IWDG_Config)
    IWDG_Enable                              0x080042e9   Thumb Code    10  stm32f10x_iwdg.o(i.IWDG_Enable)
    IWDG_ReloadCounter                       0x080042f9   Thumb Code    10  stm32f10x_iwdg.o(i.IWDG_ReloadCounter)
    IWDG_SetPrescaler                        0x08004309   Thumb Code     6  stm32f10x_iwdg.o(i.IWDG_SetPrescaler)
    IWDG_SetReload                           0x08004315   Thumb Code     6  stm32f10x_iwdg.o(i.IWDG_SetReload)
    IWDG_WriteAccessCmd                      0x08004321   Thumb Code     6  stm32f10x_iwdg.o(i.IWDG_WriteAccessCmd)
    NVIC_Init                                0x0800434d   Thumb Code   100  misc.o(i.NVIC_Init)
    NVIC_PriorityGroupConfig                 0x080043bd   Thumb Code    10  misc.o(i.NVIC_PriorityGroupConfig)
    RCC_ADCCLKConfig                         0x080043d1   Thumb Code    18  stm32f10x_rcc.o(i.RCC_ADCCLKConfig)
    RCC_APB1PeriphClockCmd                   0x080043e9   Thumb Code    26  stm32f10x_rcc.o(i.RCC_APB1PeriphClockCmd)
    RCC_APB1PeriphResetCmd                   0x08004409   Thumb Code    26  stm32f10x_rcc.o(i.RCC_APB1PeriphResetCmd)
    RCC_APB2PeriphClockCmd                   0x08004429   Thumb Code    26  stm32f10x_rcc.o(i.RCC_APB2PeriphClockCmd)
    RCC_APB2PeriphResetCmd                   0x08004449   Thumb Code    26  stm32f10x_rcc.o(i.RCC_APB2PeriphResetCmd)
    SaveVersionMessage                       0x08004469   Thumb Code   190  version.o(i.SaveVersionMessage)
    SystemInit                               0x08004621   Thumb Code    78  system_stm32f10x.o(i.SystemInit)
    TIM2_IRQHandler                          0x08004681   Thumb Code   262  main.o(i.TIM2_IRQHandler)
    TIM_ClearITPendingBit                    0x08004799   Thumb Code     6  stm32f10x_tim.o(i.TIM_ClearITPendingBit)
    TIM_Cmd                                  0x0800479f   Thumb Code    24  stm32f10x_tim.o(i.TIM_Cmd)
    TIM_DeInit                               0x080047b9   Thumb Code   424  stm32f10x_tim.o(i.TIM_DeInit)
    TIM_GetITStatus                          0x080049a1   Thumb Code    34  stm32f10x_tim.o(i.TIM_GetITStatus)
    TIM_ITConfig                             0x080049c3   Thumb Code    18  stm32f10x_tim.o(i.TIM_ITConfig)
    TIM_TimeBaseInit                         0x080049d5   Thumb Code   122  stm32f10x_tim.o(i.TIM_TimeBaseInit)
    Timer2_Init                              0x08004a79   Thumb Code   100  timer.o(i.Timer2_Init)
    US1DMA_RxCplt_Callback                   0x08004add   Thumb Code    28  usart1.o(i.US1DMA_RxCplt_Callback)
    US1DMA_RxIdle_Callback                   0x08004b05   Thumb Code    68  usx_process.o(i.US1DMA_RxIdle_Callback)
    US1DMA_TxCplt_Callback                   0x08004b55   Thumb Code    10  usx_process.o(i.US1DMA_TxCplt_Callback)
    US2DMA_RxCplt_Callback                   0x08004b65   Thumb Code    28  usart2.o(i.US2DMA_RxCplt_Callback)
    US2DMA_RxIdle_Callback                   0x08004b8d   Thumb Code    68  usx_process.o(i.US2DMA_RxIdle_Callback)
    US2DMA_TxCplt_Callback                   0x08004bdd   Thumb Code    10  usx_process.o(i.US2DMA_TxCplt_Callback)
    US3DMA_RxCplt_Callback                   0x08004bed   Thumb Code    28  usart3.o(i.US3DMA_RxCplt_Callback)
    US3DMA_RxIdle_Callback                   0x08004c15   Thumb Code    68  usx_process.o(i.US3DMA_RxIdle_Callback)
    US3DMA_TxCplt_Callback                   0x08004c65   Thumb Code    10  usx_process.o(i.US3DMA_TxCplt_Callback)
    USART1_IRQHandler                        0x08004c75   Thumb Code    48  usart1.o(i.USART1_IRQHandler)
    USART2_IRQHandler                        0x08004cad   Thumb Code    48  usart2.o(i.USART2_IRQHandler)
    USART3_IRQHandler                        0x08004ce5   Thumb Code    48  usart3.o(i.USART3_IRQHandler)
    USART_GetITStatus                        0x08004d1d   Thumb Code    84  stm32f10x_usart.o(i.USART_GetITStatus)
    USB_LP_CAN1_RX0_IRQHandler               0x08004d71   Thumb Code   136  can_driver.o(i.USB_LP_CAN1_RX0_IRQHandler)
    delay_init                               0x08004f55   Thumb Code    56  common.o(i.delay_init)
    main                                     0x08004f95   Thumb Code   112  main.o(i.main)
    ringbuffer_data_len                      0x08005025   Thumb Code    78  xyringbuffer.o(i.ringbuffer_data_len)
    ringbuffer_put_force                     0x08005073   Thumb Code   200  xyringbuffer.o(i.ringbuffer_put_force)
    ringbuffer_status                        0x0800513b   Thumb Code    42  xyringbuffer.o(i.ringbuffer_status)
    __aeabi_fadd                             0x08005165   Thumb Code     0  faddsub_clz.o(x$fpl$fadd)
    _fadd                                    0x08005165   Thumb Code   196  faddsub_clz.o(x$fpl$fadd)
    __fpl_fcmp_Inf                           0x08005229   Thumb Code    24  fcmpi.o(x$fpl$fcmpinf)
    __aeabi_fdiv                             0x08005241   Thumb Code     0  fdiv.o(x$fpl$fdiv)
    _fdiv                                    0x08005241   Thumb Code   384  fdiv.o(x$fpl$fdiv)
    __aeabi_f2uiz                            0x080053c5   Thumb Code     0  ffixu.o(x$fpl$ffixu)
    _ffixu                                   0x080053c5   Thumb Code    62  ffixu.o(x$fpl$ffixu)
    __aeabi_i2f                              0x08005405   Thumb Code     0  fflt_clz.o(x$fpl$fflt)
    _fflt                                    0x08005405   Thumb Code    48  fflt_clz.o(x$fpl$fflt)
    __aeabi_ui2f                             0x08005435   Thumb Code     0  fflt_clz.o(x$fpl$ffltu)
    _ffltu                                   0x08005435   Thumb Code    38  fflt_clz.o(x$fpl$ffltu)
    __aeabi_cfcmple                          0x0800545d   Thumb Code     0  fleqf.o(x$fpl$fleqf)
    _fcmple                                  0x0800545d   Thumb Code   104  fleqf.o(x$fpl$fleqf)
    __fpl_fcmple_InfNaN                      0x080054af   Thumb Code     0  fleqf.o(x$fpl$fleqf)
    __aeabi_fmul                             0x080054c5   Thumb Code     0  fmul.o(x$fpl$fmul)
    _fmul                                    0x080054c5   Thumb Code   258  fmul.o(x$fpl$fmul)
    __fpl_fnaninf                            0x080055c7   Thumb Code   140  fnaninf.o(x$fpl$fnaninf)
    __fpl_fretinf                            0x08005653   Thumb Code    10  fretinf.o(x$fpl$fretinf)
    __aeabi_fsub                             0x0800565d   Thumb Code     0  faddsub_clz.o(x$fpl$fsub)
    _fsub                                    0x0800565d   Thumb Code   234  faddsub_clz.o(x$fpl$fsub)
    __I$use$fp                               0x08005746   Number         0  usenofp.o(x$fpl$usenofp)
    version                                  0x08005746   Data          50  version.o(.constdata)
    Region$$Table$$Base                      0x08005778   Number         0  anon$$obj.o(Region$$Table)
    Region$$Table$$Limit                     0x08005798   Number         0  anon$$obj.o(Region$$Table)
    USworking                                0x20000000   Data           1  main.o(.data)
    CANworking                               0x20000001   Data           1  main.o(.data)
    Allegro_Linearity                        0x20000002   Data           2  main.o(.data)
    Voltage_2                                0x20000004   Data           2  main.o(.data)
    SendValue                                0x20000006   Data           2  main.o(.data)
    temp_value1                              0x20000008   Data           4  main.o(.data)
    temp_value2                              0x2000000c   Data           4  main.o(.data)
    Battery_Energy                           0x20000010   Data           4  main.o(.data)
    i                                        0x20000014   Data           4  main.o(.data)
    value                                    0x20000018   Data           4  main.o(.data)
    Battery_Energy_mAh                       0x2000001c   Data           4  main.o(.data)
    US1_RxBuffer                             0x20000024   Data           8  usx_process.o(.data)
    US2_RxBuffer                             0x2000002c   Data           8  usx_process.o(.data)
    US3_RxBuffer                             0x20000034   Data           8  usx_process.o(.data)
    _US1_RxBuffer                            0x2000003c   Data           4  usart1.o(.data)
    _US1_RxbufferSize                        0x20000040   Data           2  usart1.o(.data)
    _US2_RxBuffer                            0x20000044   Data           4  usart2.o(.data)
    _US2_RxbufferSize                        0x20000048   Data           2  usart2.o(.data)
    _US3_RxBuffer                            0x2000004c   Data           4  usart3.o(.data)
    _US3_RxbufferSize                        0x20000050   Data           2  usart3.o(.data)
    DataVar                                  0x20000052   Data           2  eeprom.o(.data)
    VirtAddVarTab                            0x20000054   Data         400  version.o(.data)
    Allegro_Linearity_VirtualAdd             0x200001e4   Data           2  version.o(.data)
    Voltage_2_VirtualAdd                     0x200001e6   Data           2  version.o(.data)
    send_pframe                              0x20000214   Data          16  main.o(.bss)
    rec_pframe                               0x20000224   Data          16  main.o(.bss)
    US1_RxPool                               0x20000234   Data         200  usx_process.o(.bss)
    US2_RxPool                               0x200002fc   Data         200  usx_process.o(.bss)
    US3_RxPool                               0x200003c4   Data         200  usx_process.o(.bss)
    US1_RxRingbuffer                         0x2000048c   Data          12  usx_process.o(.bss)
    US2_RxRingbuffer                         0x20000498   Data          12  usx_process.o(.bss)
    US3_RxRingbuffer                         0x200004a4   Data          12  usx_process.o(.bss)
    US1_RxRingbufPool                        0x200004b0   Data         200  usx_process.o(.bss)
    US2_RxRingbufPool                        0x20000578   Data         200  usx_process.o(.bss)
    US3_RxRingbufPool                        0x20000640   Data         200  usx_process.o(.bss)
    US1_TxBuffer                             0x20000708   Data          12  usx_process.o(.bss)
    US2_TxBuffer                             0x20000714   Data          12  usx_process.o(.bss)
    US3_TxBuffer                             0x20000720   Data          12  usx_process.o(.bss)
    US1_TxPool                               0x2000072c   Data         200  usx_process.o(.bss)
    US2_TxPool                               0x200007f4   Data         200  usx_process.o(.bss)
    US3_TxPool                               0x200008bc   Data         200  usx_process.o(.bss)
    US1_TxData                               0x20000984   Data         100  usx_process.o(.bss)
    US2_TxData                               0x200009e8   Data         100  usx_process.o(.bss)
    US3_TxData                               0x20000a4c   Data         100  usx_process.o(.bss)
    __libspace_start                         0x20001a50   Data          96  libspace.o(.bss)
    __temporary_stack_top$libspace           0x20001ab0   Data           0  libspace.o(.bss)



==============================================================================

Memory Map of the image

  Image Entry point : 0x080028ed

  Load Region LR_IROM1 (Base: 0x08002800, Size: 0x000031ac, Max: 0x00010000, ABSOLUTE, COMPRESSED[0x00002fb4])

    Execution Region ER_IROM1 (Exec base: 0x08002800, Load base: 0x08002800, Size: 0x00002f98, Max: 0x00010000, ABSOLUTE)

    Exec Addr    Load Addr    Size         Type   Attr      Idx    E Section Name        Object

    0x08002800   0x08002800   0x000000ec   Data   RO         3263    RESET               startup_stm32f10x_md.o
    0x080028ec   0x080028ec   0x00000008   Code   RO         3330  * !!!main             c_w.l(__main.o)
    0x080028f4   0x080028f4   0x00000034   Code   RO         3524    !!!scatter          c_w.l(__scatter.o)
    0x08002928   0x08002928   0x0000005a   Code   RO         3522    !!dczerorl2         c_w.l(__dczerorl2.o)
    0x08002982   0x08002982   0x00000002   PAD
    0x08002984   0x08002984   0x0000001c   Code   RO         3526    !!handler_zi        c_w.l(__scatter_zi.o)
    0x080029a0   0x080029a0   0x00000002   Code   RO         3392    .ARM.Collect$$libinit$$00000000  c_w.l(libinit.o)
    0x080029a2   0x080029a2   0x00000000   Code   RO         3399    .ARM.Collect$$libinit$$00000002  c_w.l(libinit2.o)
    0x080029a2   0x080029a2   0x00000000   Code   RO         3401    .ARM.Collect$$libinit$$00000004  c_w.l(libinit2.o)
    0x080029a2   0x080029a2   0x00000000   Code   RO         3404    .ARM.Collect$$libinit$$0000000A  c_w.l(libinit2.o)
    0x080029a2   0x080029a2   0x00000000   Code   RO         3406    .ARM.Collect$$libinit$$0000000C  c_w.l(libinit2.o)
    0x080029a2   0x080029a2   0x00000000   Code   RO         3408    .ARM.Collect$$libinit$$0000000E  c_w.l(libinit2.o)
    0x080029a2   0x080029a2   0x00000000   Code   RO         3411    .ARM.Collect$$libinit$$00000011  c_w.l(libinit2.o)
    0x080029a2   0x080029a2   0x00000000   Code   RO         3413    .ARM.Collect$$libinit$$00000013  c_w.l(libinit2.o)
    0x080029a2   0x080029a2   0x00000000   Code   RO         3415    .ARM.Collect$$libinit$$00000015  c_w.l(libinit2.o)
    0x080029a2   0x080029a2   0x00000000   Code   RO         3417    .ARM.Collect$$libinit$$00000017  c_w.l(libinit2.o)
    0x080029a2   0x080029a2   0x00000000   Code   RO         3419    .ARM.Collect$$libinit$$00000019  c_w.l(libinit2.o)
    0x080029a2   0x080029a2   0x00000000   Code   RO         3421    .ARM.Collect$$libinit$$0000001B  c_w.l(libinit2.o)
    0x080029a2   0x080029a2   0x00000000   Code   RO         3423    .ARM.Collect$$libinit$$0000001D  c_w.l(libinit2.o)
    0x080029a2   0x080029a2   0x00000000   Code   RO         3425    .ARM.Collect$$libinit$$0000001F  c_w.l(libinit2.o)
    0x080029a2   0x080029a2   0x00000000   Code   RO         3427    .ARM.Collect$$libinit$$00000021  c_w.l(libinit2.o)
    0x080029a2   0x080029a2   0x00000000   Code   RO         3429    .ARM.Collect$$libinit$$00000023  c_w.l(libinit2.o)
    0x080029a2   0x080029a2   0x00000000   Code   RO         3431    .ARM.Collect$$libinit$$00000025  c_w.l(libinit2.o)
    0x080029a2   0x080029a2   0x00000000   Code   RO         3435    .ARM.Collect$$libinit$$0000002C  c_w.l(libinit2.o)
    0x080029a2   0x080029a2   0x00000000   Code   RO         3437    .ARM.Collect$$libinit$$0000002E  c_w.l(libinit2.o)
    0x080029a2   0x080029a2   0x00000000   Code   RO         3439    .ARM.Collect$$libinit$$00000030  c_w.l(libinit2.o)
    0x080029a2   0x080029a2   0x00000000   Code   RO         3441    .ARM.Collect$$libinit$$00000032  c_w.l(libinit2.o)
    0x080029a2   0x080029a2   0x00000002   Code   RO         3442    .ARM.Collect$$libinit$$00000033  c_w.l(libinit2.o)
    0x080029a4   0x080029a4   0x00000002   Code   RO         3462    .ARM.Collect$$libshutdown$$00000000  c_w.l(libshutdown.o)
    0x080029a6   0x080029a6   0x00000000   Code   RO         3475    .ARM.Collect$$libshutdown$$00000002  c_w.l(libshutdown2.o)
    0x080029a6   0x080029a6   0x00000000   Code   RO         3477    .ARM.Collect$$libshutdown$$00000004  c_w.l(libshutdown2.o)
    0x080029a6   0x080029a6   0x00000000   Code   RO         3480    .ARM.Collect$$libshutdown$$00000007  c_w.l(libshutdown2.o)
    0x080029a6   0x080029a6   0x00000000   Code   RO         3483    .ARM.Collect$$libshutdown$$0000000A  c_w.l(libshutdown2.o)
    0x080029a6   0x080029a6   0x00000000   Code   RO         3485    .ARM.Collect$$libshutdown$$0000000C  c_w.l(libshutdown2.o)
    0x080029a6   0x080029a6   0x00000000   Code   RO         3488    .ARM.Collect$$libshutdown$$0000000F  c_w.l(libshutdown2.o)
    0x080029a6   0x080029a6   0x00000002   Code   RO         3489    .ARM.Collect$$libshutdown$$00000010  c_w.l(libshutdown2.o)
    0x080029a8   0x080029a8   0x00000000   Code   RO         3360    .ARM.Collect$$rtentry$$00000000  c_w.l(__rtentry.o)
    0x080029a8   0x080029a8   0x00000000   Code   RO         3369    .ARM.Collect$$rtentry$$00000002  c_w.l(__rtentry2.o)
    0x080029a8   0x080029a8   0x00000006   Code   RO         3381    .ARM.Collect$$rtentry$$00000004  c_w.l(__rtentry4.o)
    0x080029ae   0x080029ae   0x00000000   Code   RO         3371    .ARM.Collect$$rtentry$$00000009  c_w.l(__rtentry2.o)
    0x080029ae   0x080029ae   0x00000004   Code   RO         3372    .ARM.Collect$$rtentry$$0000000A  c_w.l(__rtentry2.o)
    0x080029b2   0x080029b2   0x00000000   Code   RO         3374    .ARM.Collect$$rtentry$$0000000C  c_w.l(__rtentry2.o)
    0x080029b2   0x080029b2   0x00000008   Code   RO         3375    .ARM.Collect$$rtentry$$0000000D  c_w.l(__rtentry2.o)
    0x080029ba   0x080029ba   0x00000002   Code   RO         3396    .ARM.Collect$$rtexit$$00000000  c_w.l(rtexit.o)
    0x080029bc   0x080029bc   0x00000000   Code   RO         3444    .ARM.Collect$$rtexit$$00000002  c_w.l(rtexit2.o)
    0x080029bc   0x080029bc   0x00000004   Code   RO         3445    .ARM.Collect$$rtexit$$00000003  c_w.l(rtexit2.o)
    0x080029c0   0x080029c0   0x00000006   Code   RO         3446    .ARM.Collect$$rtexit$$00000004  c_w.l(rtexit2.o)
    0x080029c6   0x080029c6   0x00000002   PAD
    0x080029c8   0x080029c8   0x00000040   Code   RO         3264    .text               startup_stm32f10x_md.o
    0x08002a08   0x08002a08   0x00000048   Code   RO         3316    .text               c_w.l(strcpy.o)
    0x08002a50   0x08002a50   0x0000003e   Code   RO         3318    .text               c_w.l(strlen.o)
    0x08002a8e   0x08002a8e   0x0000008a   Code   RO         3320    .text               c_w.l(rt_memcpy_v6.o)
    0x08002b18   0x08002b18   0x00000064   Code   RO         3322    .text               c_w.l(rt_memcpy_w.o)
    0x08002b7c   0x08002b7c   0x0000004e   Code   RO         3326    .text               c_w.l(rt_memclr_w.o)
    0x08002bca   0x08002bca   0x00000006   Code   RO         3328    .text               c_w.l(heapauxi.o)
    0x08002bd0   0x08002bd0   0x0000004a   Code   RO         3383    .text               c_w.l(sys_stackheap_outer.o)
    0x08002c1a   0x08002c1a   0x00000012   Code   RO         3385    .text               c_w.l(exit.o)
    0x08002c2c   0x08002c2c   0x00000008   Code   RO         3393    .text               c_w.l(libspace.o)
    0x08002c34   0x08002c34   0x0000000c   Code   RO         3454    .text               c_w.l(sys_exit.o)
    0x08002c40   0x08002c40   0x00000002   Code   RO         3465    .text               c_w.l(use_no_semi.o)
    0x08002c42   0x08002c42   0x00000000   Code   RO         3467    .text               c_w.l(indicate_semi.o)
    0x08002c42   0x08002c42   0x00000002   PAD
    0x08002c44   0x08002c44   0x00000044   Code   RO          517    i.ADC1_GPIO_Config  adc.o
    0x08002c88   0x08002c88   0x0000000c   Code   RO          518    i.ADC1_Init         adc.o
    0x08002c94   0x08002c94   0x0000007c   Code   RO          519    i.ADC1_Mode_Config  adc.o
    0x08002d10   0x08002d10   0x00000016   Code   RO         1254    i.ADC_Cmd           stm32f10x_adc.o
    0x08002d26   0x08002d26   0x00000002   PAD
    0x08002d28   0x08002d28   0x0000005c   Code   RO         1256    i.ADC_DeInit        stm32f10x_adc.o
    0x08002d84   0x08002d84   0x00000014   Code   RO         1262    i.ADC_GetCalibrationStatus  stm32f10x_adc.o
    0x08002d98   0x08002d98   0x00000008   Code   RO         1263    i.ADC_GetConversionValue  stm32f10x_adc.o
    0x08002da0   0x08002da0   0x00000012   Code   RO         1265    i.ADC_GetFlagStatus  stm32f10x_adc.o
    0x08002db2   0x08002db2   0x00000014   Code   RO         1268    i.ADC_GetResetCalibrationStatus  stm32f10x_adc.o
    0x08002dc6   0x08002dc6   0x00000002   PAD
    0x08002dc8   0x08002dc8   0x00000050   Code   RO         1272    i.ADC_Init          stm32f10x_adc.o
    0x08002e18   0x08002e18   0x000000b8   Code   RO         1276    i.ADC_RegularChannelConfig  stm32f10x_adc.o
    0x08002ed0   0x08002ed0   0x0000000a   Code   RO         1277    i.ADC_ResetCalibration  stm32f10x_adc.o
    0x08002eda   0x08002eda   0x00000016   Code   RO         1279    i.ADC_SoftwareStartConvCmd  stm32f10x_adc.o
    0x08002ef0   0x08002ef0   0x0000000a   Code   RO         1281    i.ADC_StartCalibration  stm32f10x_adc.o
    0x08002efa   0x08002efa   0x00000002   PAD
    0x08002efc   0x08002efc   0x00000094   Code   RO         1058    i.CAN1_RX1_IRQHandler  can_driver.o
    0x08002f90   0x08002f90   0x000000a8   Code   RO         1484    i.CAN_ClearITPendingBit  stm32f10x_can.o
    0x08003038   0x08003038   0x00000038   Code   RO         1486    i.CAN_DeInit        stm32f10x_can.o
    0x08003070   0x08003070   0x00000108   Code   RO         1488    i.CAN_FilterInit    stm32f10x_can.o
    0x08003178   0x08003178   0x00000120   Code   RO         1490    i.CAN_GetITStatus   stm32f10x_can.o
    0x08003298   0x08003298   0x00000012   Code   RO         1494    i.CAN_ITConfig      stm32f10x_can.o
    0x080032aa   0x080032aa   0x00000114   Code   RO         1495    i.CAN_Init          stm32f10x_can.o
    0x080033be   0x080033be   0x0000001e   Code   RO         1496    i.CAN_MessagePending  stm32f10x_can.o
    0x080033dc   0x080033dc   0x00000050   Code   RO         1169    i.CAN_RX_Callback   can_protocol.o
    0x0800342c   0x0800342c   0x000000f0   Code   RO         1498    i.CAN_Receive       stm32f10x_can.o
    0x0800351c   0x0800351c   0x00000020   Code   RO         1501    i.CAN_StructInit    stm32f10x_can.o
    0x0800353c   0x0800353c   0x00000126   Code   RO         1503    i.CAN_Transmit      stm32f10x_can.o
    0x08003662   0x08003662   0x00000002   PAD
    0x08003664   0x08003664   0x00000058   Code   RO         1021    i.CAN_config_init   can.o
    0x080036bc   0x080036bc   0x00000044   Code   RO         1022    i.CAN_filter_init   can.o
    0x08003700   0x08003700   0x000000d4   Code   RO         1023    i.CAN_init          can.o
    0x080037d4   0x080037d4   0x00000040   Code   RO         1059    i.CanReceive        can_driver.o
    0x08003814   0x08003814   0x00000058   Code   RO         1060    i.CanSend           can_driver.o
    0x0800386c   0x0800386c   0x00000048   Code   RO         1061    i.CanSendToFifo     can_driver.o
    0x080038b4   0x080038b4   0x00000012   Code   RO         1506    i.CheckITStatus     stm32f10x_can.o
    0x080038c6   0x080038c6   0x00000002   PAD
    0x080038c8   0x080038c8   0x00000024   Code   RO          761    i.DMA1_Channel2_IRQHandler  usart3.o
    0x080038ec   0x080038ec   0x00000028   Code   RO          762    i.DMA1_Channel3_IRQHandler  usart3.o
    0x08003914   0x08003914   0x00000028   Code   RO          607    i.DMA1_Channel4_IRQHandler  usart1.o
    0x0800393c   0x0800393c   0x00000028   Code   RO          608    i.DMA1_Channel5_IRQHandler  usart1.o
    0x08003964   0x08003964   0x00000028   Code   RO          689    i.DMA1_Channel6_IRQHandler  usart2.o
    0x0800398c   0x0800398c   0x00000028   Code   RO          690    i.DMA1_Channel7_IRQHandler  usart2.o
    0x080039b4   0x080039b4   0x0000001c   Code   RO         1649    i.DMA_ClearFlag     stm32f10x_dma.o
    0x080039d0   0x080039d0   0x00000018   Code   RO         1651    i.DMA_Cmd           stm32f10x_dma.o
    0x080039e8   0x080039e8   0x00000008   Code   RO         1653    i.DMA_GetCurrDataCounter  stm32f10x_dma.o
    0x080039f0   0x080039f0   0x0000002c   Code   RO         1655    i.DMA_GetITStatus   stm32f10x_dma.o
    0x08003a1c   0x08003a1c   0x00000058   Code   RO          919    i.EE_FindValidPage  eeprom.o
    0x08003a74   0x08003a74   0x0000003c   Code   RO          920    i.EE_Format         eeprom.o
    0x08003ab0   0x08003ab0   0x000001fc   Code   RO          921    i.EE_Init           eeprom.o
    0x08003cac   0x08003cac   0x000000f0   Code   RO          922    i.EE_PageTransfer   eeprom.o
    0x08003d9c   0x08003d9c   0x00000060   Code   RO          923    i.EE_ReadVariable   eeprom.o
    0x08003dfc   0x08003dfc   0x0000006c   Code   RO          924    i.EE_VerifyPageFullWriteVariable  eeprom.o
    0x08003e68   0x08003e68   0x00000024   Code   RO          925    i.EE_WriteVariable  eeprom.o
    0x08003e8c   0x08003e8c   0x0000004c   Code   RO         1738    i.FLASH_ErasePage   stm32f10x_flash.o
    0x08003ed8   0x08003ed8   0x00000034   Code   RO         1739    i.FLASH_GetBank1Status  stm32f10x_flash.o
    0x08003f0c   0x08003f0c   0x00000014   Code   RO         1748    i.FLASH_Lock        stm32f10x_flash.o
    0x08003f20   0x08003f20   0x00000040   Code   RO         1751    i.FLASH_ProgramHalfWord  stm32f10x_flash.o
    0x08003f60   0x08003f60   0x00000018   Code   RO         1756    i.FLASH_Unlock      stm32f10x_flash.o
    0x08003f78   0x08003f78   0x00000026   Code   RO         1760    i.FLASH_WaitForLastOperation  stm32f10x_flash.o
    0x08003f9e   0x08003f9e   0x00000116   Code   RO         1925    i.GPIO_Init         stm32f10x_gpio.o
    0x080040b4   0x080040b4   0x00000090   Code   RO         1927    i.GPIO_PinRemapConfig  stm32f10x_gpio.o
    0x08004144   0x08004144   0x00000004   Code   RO         1933    i.GPIO_SetBits      stm32f10x_gpio.o
    0x08004148   0x08004148   0x00000008   Code   RO          574    i.GPIO_ToggleBits   led.o
    0x08004150   0x08004150   0x00000048   Code   RO          575    i.GPIO_led_Configuration  led.o
    0x08004198   0x08004198   0x000000e4   Code   RO          520    i.GetChVoltage      adc.o
    0x0800427c   0x0800427c   0x00000048   Code   RO          521    i.Get_Adc           adc.o
    0x080042c4   0x080042c4   0x00000022   Code   RO            4    i.IWDG_Config       main.o
    0x080042e6   0x080042e6   0x00000002   PAD
    0x080042e8   0x080042e8   0x00000010   Code   RO         2045    i.IWDG_Enable       stm32f10x_iwdg.o
    0x080042f8   0x080042f8   0x00000010   Code   RO         2047    i.IWDG_ReloadCounter  stm32f10x_iwdg.o
    0x08004308   0x08004308   0x0000000c   Code   RO         2048    i.IWDG_SetPrescaler  stm32f10x_iwdg.o
    0x08004314   0x08004314   0x0000000c   Code   RO         2049    i.IWDG_SetReload    stm32f10x_iwdg.o
    0x08004320   0x08004320   0x0000000c   Code   RO         2050    i.IWDG_WriteAccessCmd  stm32f10x_iwdg.o
    0x0800432c   0x0800432c   0x00000020   Code   RO          982    i.InitVirAdd        version.o
    0x0800434c   0x0800434c   0x00000070   Code   RO         1200    i.NVIC_Init         misc.o
    0x080043bc   0x080043bc   0x00000014   Code   RO         1201    i.NVIC_PriorityGroupConfig  misc.o
    0x080043d0   0x080043d0   0x00000018   Code   RO         2099    i.RCC_ADCCLKConfig  stm32f10x_rcc.o
    0x080043e8   0x080043e8   0x00000020   Code   RO         2101    i.RCC_APB1PeriphClockCmd  stm32f10x_rcc.o
    0x08004408   0x08004408   0x00000020   Code   RO         2102    i.RCC_APB1PeriphResetCmd  stm32f10x_rcc.o
    0x08004428   0x08004428   0x00000020   Code   RO         2103    i.RCC_APB2PeriphClockCmd  stm32f10x_rcc.o
    0x08004448   0x08004448   0x00000020   Code   RO         2104    i.RCC_APB2PeriphResetCmd  stm32f10x_rcc.o
    0x08004468   0x08004468   0x000000d0   Code   RO          983    i.SaveVersionMessage  version.o
    0x08004538   0x08004538   0x00000008   Code   RO         3271    i.SetSysClock       system_stm32f10x.o
    0x08004540   0x08004540   0x000000e0   Code   RO         3272    i.SetSysClockTo72   system_stm32f10x.o
    0x08004620   0x08004620   0x00000060   Code   RO         3274    i.SystemInit        system_stm32f10x.o
    0x08004680   0x08004680   0x00000118   Code   RO            5    i.TIM2_IRQHandler   main.o
    0x08004798   0x08004798   0x00000006   Code   RO         2478    i.TIM_ClearITPendingBit  stm32f10x_tim.o
    0x0800479e   0x0800479e   0x00000018   Code   RO         2483    i.TIM_Cmd           stm32f10x_tim.o
    0x080047b6   0x080047b6   0x00000002   PAD
    0x080047b8   0x080047b8   0x000001e8   Code   RO         2488    i.TIM_DeInit        stm32f10x_tim.o
    0x080049a0   0x080049a0   0x00000022   Code   RO         2504    i.TIM_GetITStatus   stm32f10x_tim.o
    0x080049c2   0x080049c2   0x00000012   Code   RO         2508    i.TIM_ITConfig      stm32f10x_tim.o
    0x080049d4   0x080049d4   0x000000a4   Code   RO         2554    i.TIM_TimeBaseInit  stm32f10x_tim.o
    0x08004a78   0x08004a78   0x00000064   Code   RO          176    i.Timer2_Init       timer.o
    0x08004adc   0x08004adc   0x00000028   Code   RO          609    i.US1DMA_RxCplt_Callback  usart1.o
    0x08004b04   0x08004b04   0x00000050   Code   RO          321    i.US1DMA_RxIdle_Callback  usx_process.o
    0x08004b54   0x08004b54   0x00000010   Code   RO          322    i.US1DMA_TxCplt_Callback  usx_process.o
    0x08004b64   0x08004b64   0x00000028   Code   RO          691    i.US2DMA_RxCplt_Callback  usart2.o
    0x08004b8c   0x08004b8c   0x00000050   Code   RO          324    i.US2DMA_RxIdle_Callback  usx_process.o
    0x08004bdc   0x08004bdc   0x00000010   Code   RO          325    i.US2DMA_TxCplt_Callback  usx_process.o
    0x08004bec   0x08004bec   0x00000028   Code   RO          763    i.US3DMA_RxCplt_Callback  usart3.o
    0x08004c14   0x08004c14   0x00000050   Code   RO          327    i.US3DMA_RxIdle_Callback  usx_process.o
    0x08004c64   0x08004c64   0x00000010   Code   RO          328    i.US3DMA_TxCplt_Callback  usx_process.o
    0x08004c74   0x08004c74   0x00000038   Code   RO          613    i.USART1_IRQHandler  usart1.o
    0x08004cac   0x08004cac   0x00000038   Code   RO          695    i.USART2_IRQHandler  usart2.o
    0x08004ce4   0x08004ce4   0x00000038   Code   RO          767    i.USART3_IRQHandler  usart3.o
    0x08004d1c   0x08004d1c   0x00000054   Code   RO         3035    i.USART_GetITStatus  stm32f10x_usart.o
    0x08004d70   0x08004d70   0x00000094   Code   RO         1062    i.USB_LP_CAN1_RX0_IRQHandler  can_driver.o
    0x08004e04   0x08004e04   0x00000018   Code   RO         1063    i._abortPendingTransmissions  can_driver.o
    0x08004e1c   0x08004e1c   0x00000040   Code   RO         1064    i._fifoPop          can_driver.o
    0x08004e5c   0x08004e5c   0x00000058   Code   RO         1065    i._fifoPush         can_driver.o
    0x08004eb4   0x08004eb4   0x00000052   Code   RO         1066    i._frameCanas2Spl   can_driver.o
    0x08004f06   0x08004f06   0x0000004e   Code   RO         1067    i._frameSpl2Canas   can_driver.o
    0x08004f54   0x08004f54   0x00000040   Code   RO          270    i.delay_init        common.o
    0x08004f94   0x08004f94   0x00000090   Code   RO            6    i.main              main.o
    0x08005024   0x08005024   0x0000004e   Code   RO          497    i.ringbuffer_data_len  xyringbuffer.o
    0x08005072   0x08005072   0x000000c8   Code   RO          441    i.ringbuffer_put_force  xyringbuffer.o
    0x0800513a   0x0800513a   0x0000002a   Code   RO          491    i.ringbuffer_status  xyringbuffer.o
    0x08005164   0x08005164   0x000000c4   Code   RO         3332    x$fpl$fadd          fz_ws.l(faddsub_clz.o)
    0x08005228   0x08005228   0x00000018   Code   RO         3361    x$fpl$fcmpinf       fz_ws.l(fcmpi.o)
    0x08005240   0x08005240   0x00000184   Code   RO         3339    x$fpl$fdiv          fz_ws.l(fdiv.o)
    0x080053c4   0x080053c4   0x0000003e   Code   RO         3346    x$fpl$ffixu         fz_ws.l(ffixu.o)
    0x08005402   0x08005402   0x00000002   PAD
    0x08005404   0x08005404   0x00000030   Code   RO         3351    x$fpl$fflt          fz_ws.l(fflt_clz.o)
    0x08005434   0x08005434   0x00000026   Code   RO         3350    x$fpl$ffltu         fz_ws.l(fflt_clz.o)
    0x0800545a   0x0800545a   0x00000002   PAD
    0x0800545c   0x0800545c   0x00000068   Code   RO         3356    x$fpl$fleqf         fz_ws.l(fleqf.o)
    0x080054c4   0x080054c4   0x00000102   Code   RO         3358    x$fpl$fmul          fz_ws.l(fmul.o)
    0x080055c6   0x080055c6   0x0000008c   Code   RO         3363    x$fpl$fnaninf       fz_ws.l(fnaninf.o)
    0x08005652   0x08005652   0x0000000a   Code   RO         3365    x$fpl$fretinf       fz_ws.l(fretinf.o)
    0x0800565c   0x0800565c   0x000000ea   Code   RO         3334    x$fpl$fsub          fz_ws.l(faddsub_clz.o)
    0x08005746   0x08005746   0x00000000   Code   RO         3367    x$fpl$usenofp       fz_ws.l(usenofp.o)
    0x08005746   0x08005746   0x00000032   Data   RO          984    .constdata          version.o
    0x08005778   0x08005778   0x00000020   Data   RO         3520    Region$$Table       anon$$obj.o


    Execution Region RW_IRAM1 (Exec base: 0x20000000, Load base: 0x08005798, Size: 0x000020b0, Max: 0x00005000, ABSOLUTE, COMPRESSED[0x0000001c])

    Exec Addr    Load Addr    Size         Type   Attr      Idx    E Section Name        Object

    0x20000000   COMPRESSED   0x00000020   Data   RW            8    .data               main.o
    0x20000020   COMPRESSED   0x00000004   Data   RW          273    .data               common.o
    0x20000024   COMPRESSED   0x00000018   Data   RW          333    .data               usx_process.o
    0x2000003c   COMPRESSED   0x00000006   Data   RW          615    .data               usart1.o
    0x20000042   COMPRESSED   0x00000002   PAD
    0x20000044   COMPRESSED   0x00000006   Data   RW          697    .data               usart2.o
    0x2000004a   COMPRESSED   0x00000002   PAD
    0x2000004c   COMPRESSED   0x00000006   Data   RW          769    .data               usart3.o
    0x20000052   COMPRESSED   0x00000002   Data   RW          926    .data               eeprom.o
    0x20000054   COMPRESSED   0x00000194   Data   RW          985    .data               version.o
    0x200001e8   COMPRESSED   0x0000002c   Data   RW         1069    .data               can_driver.o
    0x20000214        -       0x00000020   Zero   RW            7    .bss                main.o
    0x20000234        -       0x0000087c   Zero   RW          332    .bss                usx_process.o
    0x20000ab0        -       0x00000fa0   Zero   RW         1068    .bss                can_driver.o
    0x20001a50        -       0x00000060   Zero   RW         3394    .bss                c_w.l(libspace.o)
    0x20001ab0        -       0x00000200   Zero   RW         3262    HEAP                startup_stm32f10x_md.o
    0x20001cb0        -       0x00000400   Zero   RW         3261    STACK               startup_stm32f10x_md.o


==============================================================================

Image component sizes


      Code (inc. data)   RO Data    RW Data    ZI Data      Debug   Object Name

       504         46          0          0          0       2571   adc.o
       368         14          0          0          0       1795   can.o
       856         68          0         44       4000       6238   can_driver.o
        80         10          0          0          0        490   can_protocol.o
        64          8          0          4          0        597   common.o
      1136         64          0          2          0       6105   eeprom.o
        80         10          0          0          0       1163   led.o
       458         50          0         32         32     280549   main.o
       132         22          0          0          0       1691   misc.o
        64         26        236          0       1536        800   startup_stm32f10x_md.o
       486         24          0          0          0       9058   stm32f10x_adc.o
      1684         22          0          0          0       8533   stm32f10x_can.o
       104         18          0          0          0       4065   stm32f10x_dma.o
       274         30          0          0          0       3634   stm32f10x_flash.o
       426          6          0          0          0       3517   stm32f10x_gpio.o
        68         30          0          0          0       2642   stm32f10x_iwdg.o
       152         30          0          0          0       3003   stm32f10x_rcc.o
       734        106          0          0          0       4635   stm32f10x_tim.o
        84          0          0          0          0       2300   stm32f10x_usart.o
       328         28          0          0          0       1909   system_stm32f10x.o
       100          0          0          0          0       2386   timer.o
       176         32          0          6          0       2329   usart1.o
       176         32          0          6          0       2329   usart2.o
       172         32          0          6          0       2329   usart3.o
       288         54          0         24       2172       4714   usx_process.o
       240         22         50        404          0       1899   version.o
       320          0          0          0          0       2723   xyringbuffer.o

    ----------------------------------------------------------------------
      9568        784        318        532       7740     364004   Object Totals
         0          0         32          0          0          0   (incl. Generated)
        14          0          0          4          0          0   (incl. Padding)

    ----------------------------------------------------------------------

      Code (inc. data)   RO Data    RW Data    ZI Data      Debug   Library Member Name

        90          0          0          0          0          0   __dczerorl2.o
         8          0          0          0          0         68   __main.o
         0          0          0          0          0          0   __rtentry.o
        12          0          0          0          0          0   __rtentry2.o
         6          0          0          0          0          0   __rtentry4.o
        52          8          0          0          0          0   __scatter.o
        28          0          0          0          0          0   __scatter_zi.o
        18          0          0          0          0         80   exit.o
         6          0          0          0          0        152   heapauxi.o
         0          0          0          0          0          0   indicate_semi.o
         2          0          0          0          0          0   libinit.o
         2          0          0          0          0          0   libinit2.o
         2          0          0          0          0          0   libshutdown.o
         2          0          0          0          0          0   libshutdown2.o
         8          4          0          0         96         68   libspace.o
        78          0          0          0          0         80   rt_memclr_w.o
       138          0          0          0          0         68   rt_memcpy_v6.o
       100          0          0          0          0         80   rt_memcpy_w.o
         2          0          0          0          0          0   rtexit.o
        10          0          0          0          0          0   rtexit2.o
        72          0          0          0          0         80   strcpy.o
        62          0          0          0          0         76   strlen.o
        12          4          0          0          0         68   sys_exit.o
        74          0          0          0          0         80   sys_stackheap_outer.o
         2          0          0          0          0         68   use_no_semi.o
       430          8          0          0          0        168   faddsub_clz.o
        24          0          0          0          0         68   fcmpi.o
       388         76          0          0          0         96   fdiv.o
        62          4          0          0          0         84   ffixu.o
        86          0          0          0          0        136   fflt_clz.o
       104          4          0          0          0         84   fleqf.o
       258          4          0          0          0         84   fmul.o
       140          4          0          0          0         84   fnaninf.o
        10          0          0          0          0         68   fretinf.o
         0          0          0          0          0          0   usenofp.o

    ----------------------------------------------------------------------
      2298        116          0          0         96       1840   Library Totals
        10          0          0          0          0          0   (incl. Padding)

    ----------------------------------------------------------------------

      Code (inc. data)   RO Data    RW Data    ZI Data      Debug   Library Name

       786         16          0          0         96        968   c_w.l
      1502        100          0          0          0        872   fz_ws.l

    ----------------------------------------------------------------------
      2298        116          0          0         96       1840   Library Totals

    ----------------------------------------------------------------------

==============================================================================


      Code (inc. data)   RO Data    RW Data    ZI Data      Debug   

     11866        900        318        532       7836     359132   Grand Totals
     11866        900        318         28       7836     359132   ELF Image Totals (compressed)
     11866        900        318         28          0          0   ROM Totals

==============================================================================

    Total RO  Size (Code + RO Data)                12184 (  11.90kB)
    Total RW  Size (RW Data + ZI Data)              8368 (   8.17kB)
    Total ROM Size (Code + RO Data + RW Data)      12212 (  11.93kB)

==============================================================================

